<?xml version="1.0" encoding="UTF-8"?>
<TestRun id="199aa19d-7ad3-4720-af30-9a7c0d5ca4b9" name="sheila.deskins@TEGRIT0048 2015-05-18 15:55:18" runUser="TEGRITSOLUTIONS\sheila.deskins" xmlns="http://microsoft.com/schemas/VisualStudio/TeamTest/2010">
  <TestSettings name="Default Test Settings" id="51713bd6-f4b0-41b2-942e-efaa5603d616">
    <Deployment runDeploymentRoot="sheila.deskins_TEGRIT0048 2015-05-18 15_55_18">
      <DeploymentItem filename="C:\Exercises\MVC\AspNetMvcTrainingKit\Labs\aspNetMVC\Ex01-CreatingMvcApp\end\MvcSampleApp\bin\MvcSampleApp.dll" />
    </Deployment>
    <Execution>
      <TestTypeSpecific />
      <AgentRule name="Execution Agents">
      </AgentRule>
    </Execution>
  </TestSettings>
  <Times creation="2015-05-18T15:55:18.4112760-04:00" queuing="2015-05-18T15:55:18.8702760-04:00" start="2015-05-18T15:55:18.8982760-04:00" finish="2015-05-18T15:55:19.2092760-04:00" />
  <ResultSummary outcome="Completed">
    <Counters total="27" executed="27" passed="27" error="0" failed="0" timeout="0" aborted="0" inconclusive="0" passedButRunAborted="0" notRunnable="0" notExecuted="0" disconnected="0" warning="0" completed="0" inProgress="0" pending="0" />
  </ResultSummary>
  <TestDefinitions>
    <UnitTest name="RegisterPostReturnsViewIfEmailNotSpecified" storage="c:\exercises\mvc\aspnetmvctrainingkit\labs\aspnetmvc\ex01-creatingmvcapp\end\mvcsampleapp.tests\bin\debug\mvcsampleapp.tests.dll" id="91e13320-37ab-c7eb-7f57-1685a1fb5c95">
      <Execution id="4e3828d1-c3c3-4348-86e3-f11bf4dcf3d8" />
      <TestMethod codeBase="C:/Exercises/MVC/AspNetMvcTrainingKit/Labs/aspNetMVC/Ex01-CreatingMvcApp/end/MvcSampleApp.Tests/bin/Debug/MvcSampleApp.Tests.DLL" adapterTypeName="Microsoft.VisualStudio.TestTools.TestTypes.Unit.UnitTestAdapter, Microsoft.VisualStudio.QualityTools.Tips.UnitTest.Adapter, Version=10.0.0.0, Culture=neutral, PublicKeyToken=b03f5f7f11d50a3a" className="MvcSampleApp.Tests.Controllers.AccountControllerTest, MvcSampleApp.Tests, Version=1.0.0.0, Culture=neutral, PublicKeyToken=null" name="RegisterPostReturnsViewIfEmailNotSpecified" />
    </UnitTest>
    <UnitTest name="ChangePasswordPostReturnsViewIfProviderRejectsPassword" storage="c:\exercises\mvc\aspnetmvctrainingkit\labs\aspnetmvc\ex01-creatingmvcapp\end\mvcsampleapp.tests\bin\debug\mvcsampleapp.tests.dll" id="8dadb744-1c3f-005a-df77-870dfa99c105">
      <Execution id="40d611c6-dce8-4ba8-bc01-070a24e3fea8" />
      <TestMethod codeBase="C:/Exercises/MVC/AspNetMvcTrainingKit/Labs/aspNetMVC/Ex01-CreatingMvcApp/end/MvcSampleApp.Tests/bin/Debug/MvcSampleApp.Tests.DLL" adapterTypeName="Microsoft.VisualStudio.TestTools.TestTypes.Unit.UnitTestAdapter, Microsoft.VisualStudio.QualityTools.Tips.UnitTest.Adapter, Version=10.0.0.0, Culture=neutral, PublicKeyToken=b03f5f7f11d50a3a" className="MvcSampleApp.Tests.Controllers.AccountControllerTest, MvcSampleApp.Tests, Version=1.0.0.0, Culture=neutral, PublicKeyToken=null" name="ChangePasswordPostReturnsViewIfProviderRejectsPassword" />
    </UnitTest>
    <UnitTest name="ChangePasswordPostReturnsViewIfNewPasswordIsNull" storage="c:\exercises\mvc\aspnetmvctrainingkit\labs\aspnetmvc\ex01-creatingmvcapp\end\mvcsampleapp.tests\bin\debug\mvcsampleapp.tests.dll" id="e4136b04-77e9-be5e-b3e9-2d34a48543df">
      <Execution id="9ae13fd1-89b8-48d7-9954-5594bd81593c" />
      <TestMethod codeBase="C:/Exercises/MVC/AspNetMvcTrainingKit/Labs/aspNetMVC/Ex01-CreatingMvcApp/end/MvcSampleApp.Tests/bin/Debug/MvcSampleApp.Tests.DLL" adapterTypeName="Microsoft.VisualStudio.TestTools.TestTypes.Unit.UnitTestAdapter, Microsoft.VisualStudio.QualityTools.Tips.UnitTest.Adapter, Version=10.0.0.0, Culture=neutral, PublicKeyToken=b03f5f7f11d50a3a" className="MvcSampleApp.Tests.Controllers.AccountControllerTest, MvcSampleApp.Tests, Version=1.0.0.0, Culture=neutral, PublicKeyToken=null" name="ChangePasswordPostReturnsViewIfNewPasswordIsNull" />
    </UnitTest>
    <UnitTest name="ChangePasswordPostReturnsViewIfNewPasswordDoesNotMatchConfirmPassword" storage="c:\exercises\mvc\aspnetmvctrainingkit\labs\aspnetmvc\ex01-creatingmvcapp\end\mvcsampleapp.tests\bin\debug\mvcsampleapp.tests.dll" id="a47f1c46-0455-8bec-3f5d-9cf1c7862eea">
      <Execution id="833f55cf-b4a8-4dff-ae09-48c1e24f9bd9" />
      <TestMethod codeBase="C:/Exercises/MVC/AspNetMvcTrainingKit/Labs/aspNetMVC/Ex01-CreatingMvcApp/end/MvcSampleApp.Tests/bin/Debug/MvcSampleApp.Tests.DLL" adapterTypeName="Microsoft.VisualStudio.TestTools.TestTypes.Unit.UnitTestAdapter, Microsoft.VisualStudio.QualityTools.Tips.UnitTest.Adapter, Version=10.0.0.0, Culture=neutral, PublicKeyToken=b03f5f7f11d50a3a" className="MvcSampleApp.Tests.Controllers.AccountControllerTest, MvcSampleApp.Tests, Version=1.0.0.0, Culture=neutral, PublicKeyToken=null" name="ChangePasswordPostReturnsViewIfNewPasswordDoesNotMatchConfirmPassword" />
    </UnitTest>
    <UnitTest name="LoginGet" storage="c:\exercises\mvc\aspnetmvctrainingkit\labs\aspnetmvc\ex01-creatingmvcapp\end\mvcsampleapp.tests\bin\debug\mvcsampleapp.tests.dll" id="47d1e9b1-d491-300f-e82a-8a3a0b1fa05f">
      <Execution id="66ed62ab-9928-4c85-ba6a-bc1c0347df87" />
      <TestMethod codeBase="C:/Exercises/MVC/AspNetMvcTrainingKit/Labs/aspNetMVC/Ex01-CreatingMvcApp/end/MvcSampleApp.Tests/bin/Debug/MvcSampleApp.Tests.DLL" adapterTypeName="Microsoft.VisualStudio.TestTools.TestTypes.Unit.UnitTestAdapter, Microsoft.VisualStudio.QualityTools.Tips.UnitTest.Adapter, Version=10.0.0.0, Culture=neutral, PublicKeyToken=b03f5f7f11d50a3a" className="MvcSampleApp.Tests.Controllers.AccountControllerTest, MvcSampleApp.Tests, Version=1.0.0.0, Culture=neutral, PublicKeyToken=null" name="LoginGet" />
    </UnitTest>
    <UnitTest name="LoginPostRedirectsHomeIfLoginSuccessfulButNoReturnUrlGiven" storage="c:\exercises\mvc\aspnetmvctrainingkit\labs\aspnetmvc\ex01-creatingmvcapp\end\mvcsampleapp.tests\bin\debug\mvcsampleapp.tests.dll" id="72d61c88-efae-41f0-065b-a290536b4bb7">
      <Execution id="d758f52e-505e-4783-ab98-a4be3b38b4f7" />
      <TestMethod codeBase="C:/Exercises/MVC/AspNetMvcTrainingKit/Labs/aspNetMVC/Ex01-CreatingMvcApp/end/MvcSampleApp.Tests/bin/Debug/MvcSampleApp.Tests.DLL" adapterTypeName="Microsoft.VisualStudio.TestTools.TestTypes.Unit.UnitTestAdapter, Microsoft.VisualStudio.QualityTools.Tips.UnitTest.Adapter, Version=10.0.0.0, Culture=neutral, PublicKeyToken=b03f5f7f11d50a3a" className="MvcSampleApp.Tests.Controllers.AccountControllerTest, MvcSampleApp.Tests, Version=1.0.0.0, Culture=neutral, PublicKeyToken=null" name="LoginPostRedirectsHomeIfLoginSuccessfulButNoReturnUrlGiven" />
    </UnitTest>
    <UnitTest name="ChangePasswordPostReturnsViewIfCurrentPasswordNotSpecified" storage="c:\exercises\mvc\aspnetmvctrainingkit\labs\aspnetmvc\ex01-creatingmvcapp\end\mvcsampleapp.tests\bin\debug\mvcsampleapp.tests.dll" id="832fe249-8207-af90-8ec0-64ee5b44095b">
      <Execution id="fb03059c-c646-4d6c-aba8-92501ddc8469" />
      <TestMethod codeBase="C:/Exercises/MVC/AspNetMvcTrainingKit/Labs/aspNetMVC/Ex01-CreatingMvcApp/end/MvcSampleApp.Tests/bin/Debug/MvcSampleApp.Tests.DLL" adapterTypeName="Microsoft.VisualStudio.TestTools.TestTypes.Unit.UnitTestAdapter, Microsoft.VisualStudio.QualityTools.Tips.UnitTest.Adapter, Version=10.0.0.0, Culture=neutral, PublicKeyToken=b03f5f7f11d50a3a" className="MvcSampleApp.Tests.Controllers.AccountControllerTest, MvcSampleApp.Tests, Version=1.0.0.0, Culture=neutral, PublicKeyToken=null" name="ChangePasswordPostReturnsViewIfCurrentPasswordNotSpecified" />
    </UnitTest>
    <UnitTest name="LogOff" storage="c:\exercises\mvc\aspnetmvctrainingkit\labs\aspnetmvc\ex01-creatingmvcapp\end\mvcsampleapp.tests\bin\debug\mvcsampleapp.tests.dll" id="41cba606-cb01-8287-0203-bedeb6926c4e">
      <Execution id="4451ef57-76a5-49dd-9587-4b7d17b9a3cf" />
      <TestMethod codeBase="C:/Exercises/MVC/AspNetMvcTrainingKit/Labs/aspNetMVC/Ex01-CreatingMvcApp/end/MvcSampleApp.Tests/bin/Debug/MvcSampleApp.Tests.DLL" adapterTypeName="Microsoft.VisualStudio.TestTools.TestTypes.Unit.UnitTestAdapter, Microsoft.VisualStudio.QualityTools.Tips.UnitTest.Adapter, Version=10.0.0.0, Culture=neutral, PublicKeyToken=b03f5f7f11d50a3a" className="MvcSampleApp.Tests.Controllers.AccountControllerTest, MvcSampleApp.Tests, Version=1.0.0.0, Culture=neutral, PublicKeyToken=null" name="LogOff" />
    </UnitTest>
    <UnitTest name="ChangePasswordSuccess" storage="c:\exercises\mvc\aspnetmvctrainingkit\labs\aspnetmvc\ex01-creatingmvcapp\end\mvcsampleapp.tests\bin\debug\mvcsampleapp.tests.dll" id="b25ce909-6964-a01c-7a0d-886f63323e5c">
      <Execution id="a60b7a1e-df46-4b5b-b2f6-9d19c0a100d1" />
      <TestMethod codeBase="C:/Exercises/MVC/AspNetMvcTrainingKit/Labs/aspNetMVC/Ex01-CreatingMvcApp/end/MvcSampleApp.Tests/bin/Debug/MvcSampleApp.Tests.DLL" adapterTypeName="Microsoft.VisualStudio.TestTools.TestTypes.Unit.UnitTestAdapter, Microsoft.VisualStudio.QualityTools.Tips.UnitTest.Adapter, Version=10.0.0.0, Culture=neutral, PublicKeyToken=b03f5f7f11d50a3a" className="MvcSampleApp.Tests.Controllers.AccountControllerTest, MvcSampleApp.Tests, Version=1.0.0.0, Culture=neutral, PublicKeyToken=null" name="ChangePasswordSuccess" />
    </UnitTest>
    <UnitTest name="Index" storage="c:\exercises\mvc\aspnetmvctrainingkit\labs\aspnetmvc\ex01-creatingmvcapp\end\mvcsampleapp.tests\bin\debug\mvcsampleapp.tests.dll" id="511d4e9c-792e-1ceb-f866-e5ba3921a225">
      <Execution id="efabbeca-1b89-45ac-ab20-f7def19ba832" />
      <TestMethod codeBase="C:/Exercises/MVC/AspNetMvcTrainingKit/Labs/aspNetMVC/Ex01-CreatingMvcApp/end/MvcSampleApp.Tests/bin/Debug/MvcSampleApp.Tests.DLL" adapterTypeName="Microsoft.VisualStudio.TestTools.TestTypes.Unit.UnitTestAdapter, Microsoft.VisualStudio.QualityTools.Tips.UnitTest.Adapter, Version=10.0.0.0, Culture=neutral, PublicKeyToken=b03f5f7f11d50a3a" className="MvcSampleApp.Tests.Controllers.HomeControllerTest, MvcSampleApp.Tests, Version=1.0.0.0, Culture=neutral, PublicKeyToken=null" name="Index" />
    </UnitTest>
    <UnitTest name="RegisterPostRedirectsHomeIfRegistrationSuccessful" storage="c:\exercises\mvc\aspnetmvctrainingkit\labs\aspnetmvc\ex01-creatingmvcapp\end\mvcsampleapp.tests\bin\debug\mvcsampleapp.tests.dll" id="4db0cd4e-d946-87d7-199b-d57d065690ed">
      <Execution id="8e4060a5-d3d6-48dc-844b-4aa624bdfab5" />
      <TestMethod codeBase="C:/Exercises/MVC/AspNetMvcTrainingKit/Labs/aspNetMVC/Ex01-CreatingMvcApp/end/MvcSampleApp.Tests/bin/Debug/MvcSampleApp.Tests.DLL" adapterTypeName="Microsoft.VisualStudio.TestTools.TestTypes.Unit.UnitTestAdapter, Microsoft.VisualStudio.QualityTools.Tips.UnitTest.Adapter, Version=10.0.0.0, Culture=neutral, PublicKeyToken=b03f5f7f11d50a3a" className="MvcSampleApp.Tests.Controllers.AccountControllerTest, MvcSampleApp.Tests, Version=1.0.0.0, Culture=neutral, PublicKeyToken=null" name="RegisterPostRedirectsHomeIfRegistrationSuccessful" />
    </UnitTest>
    <UnitTest name="ConstructorSetsProperties" storage="c:\exercises\mvc\aspnetmvctrainingkit\labs\aspnetmvc\ex01-creatingmvcapp\end\mvcsampleapp.tests\bin\debug\mvcsampleapp.tests.dll" id="cec47900-930c-f3ce-076c-b343eb8c8d5a">
      <Execution id="3b708c0f-50d4-4968-802b-ce74cd9c7fa1" />
      <TestMethod codeBase="C:/Exercises/MVC/AspNetMvcTrainingKit/Labs/aspNetMVC/Ex01-CreatingMvcApp/end/MvcSampleApp.Tests/bin/Debug/MvcSampleApp.Tests.DLL" adapterTypeName="Microsoft.VisualStudio.TestTools.TestTypes.Unit.UnitTestAdapter, Microsoft.VisualStudio.QualityTools.Tips.UnitTest.Adapter, Version=10.0.0.0, Culture=neutral, PublicKeyToken=b03f5f7f11d50a3a" className="MvcSampleApp.Tests.Controllers.AccountControllerTest, MvcSampleApp.Tests, Version=1.0.0.0, Culture=neutral, PublicKeyToken=null" name="ConstructorSetsProperties" />
    </UnitTest>
    <UnitTest name="RegisterPostReturnsViewIfPasswordIsNull" storage="c:\exercises\mvc\aspnetmvctrainingkit\labs\aspnetmvc\ex01-creatingmvcapp\end\mvcsampleapp.tests\bin\debug\mvcsampleapp.tests.dll" id="97716f7f-9029-7b70-9137-f7ec428eae60">
      <Execution id="db5ea443-faed-421b-bb68-bab749afa71c" />
      <TestMethod codeBase="C:/Exercises/MVC/AspNetMvcTrainingKit/Labs/aspNetMVC/Ex01-CreatingMvcApp/end/MvcSampleApp.Tests/bin/Debug/MvcSampleApp.Tests.DLL" adapterTypeName="Microsoft.VisualStudio.TestTools.TestTypes.Unit.UnitTestAdapter, Microsoft.VisualStudio.QualityTools.Tips.UnitTest.Adapter, Version=10.0.0.0, Culture=neutral, PublicKeyToken=b03f5f7f11d50a3a" className="MvcSampleApp.Tests.Controllers.AccountControllerTest, MvcSampleApp.Tests, Version=1.0.0.0, Culture=neutral, PublicKeyToken=null" name="RegisterPostReturnsViewIfPasswordIsNull" />
    </UnitTest>
    <UnitTest name="RegisterPostReturnsViewIfPasswordIsTooShort" storage="c:\exercises\mvc\aspnetmvctrainingkit\labs\aspnetmvc\ex01-creatingmvcapp\end\mvcsampleapp.tests\bin\debug\mvcsampleapp.tests.dll" id="ff5c31c1-a567-a4ba-dd03-1c85fc3e90d1">
      <Execution id="a871f6fb-a5a2-4bea-826d-a1ab781ec491" />
      <TestMethod codeBase="C:/Exercises/MVC/AspNetMvcTrainingKit/Labs/aspNetMVC/Ex01-CreatingMvcApp/end/MvcSampleApp.Tests/bin/Debug/MvcSampleApp.Tests.DLL" adapterTypeName="Microsoft.VisualStudio.TestTools.TestTypes.Unit.UnitTestAdapter, Microsoft.VisualStudio.QualityTools.Tips.UnitTest.Adapter, Version=10.0.0.0, Culture=neutral, PublicKeyToken=b03f5f7f11d50a3a" className="MvcSampleApp.Tests.Controllers.AccountControllerTest, MvcSampleApp.Tests, Version=1.0.0.0, Culture=neutral, PublicKeyToken=null" name="RegisterPostReturnsViewIfPasswordIsTooShort" />
    </UnitTest>
    <UnitTest name="RegisterPostReturnsViewIfNewPasswordDoesNotMatchConfirmPassword" storage="c:\exercises\mvc\aspnetmvctrainingkit\labs\aspnetmvc\ex01-creatingmvcapp\end\mvcsampleapp.tests\bin\debug\mvcsampleapp.tests.dll" id="ca800805-d5bb-d971-9a8c-a47c775b6954">
      <Execution id="f3049026-4269-429b-9683-5b9fdefb1d8c" />
      <TestMethod codeBase="C:/Exercises/MVC/AspNetMvcTrainingKit/Labs/aspNetMVC/Ex01-CreatingMvcApp/end/MvcSampleApp.Tests/bin/Debug/MvcSampleApp.Tests.DLL" adapterTypeName="Microsoft.VisualStudio.TestTools.TestTypes.Unit.UnitTestAdapter, Microsoft.VisualStudio.QualityTools.Tips.UnitTest.Adapter, Version=10.0.0.0, Culture=neutral, PublicKeyToken=b03f5f7f11d50a3a" className="MvcSampleApp.Tests.Controllers.AccountControllerTest, MvcSampleApp.Tests, Version=1.0.0.0, Culture=neutral, PublicKeyToken=null" name="RegisterPostReturnsViewIfNewPasswordDoesNotMatchConfirmPassword" />
    </UnitTest>
    <UnitTest name="LoginPostReturnsViewIfPasswordNotSpecified" storage="c:\exercises\mvc\aspnetmvctrainingkit\labs\aspnetmvc\ex01-creatingmvcapp\end\mvcsampleapp.tests\bin\debug\mvcsampleapp.tests.dll" id="6275db96-7fae-8733-4af6-c07943482fef">
      <Execution id="aa26fa60-1965-40f8-a3b2-10794fb62977" />
      <TestMethod codeBase="C:/Exercises/MVC/AspNetMvcTrainingKit/Labs/aspNetMVC/Ex01-CreatingMvcApp/end/MvcSampleApp.Tests/bin/Debug/MvcSampleApp.Tests.DLL" adapterTypeName="Microsoft.VisualStudio.TestTools.TestTypes.Unit.UnitTestAdapter, Microsoft.VisualStudio.QualityTools.Tips.UnitTest.Adapter, Version=10.0.0.0, Culture=neutral, PublicKeyToken=b03f5f7f11d50a3a" className="MvcSampleApp.Tests.Controllers.AccountControllerTest, MvcSampleApp.Tests, Version=1.0.0.0, Culture=neutral, PublicKeyToken=null" name="LoginPostReturnsViewIfPasswordNotSpecified" />
    </UnitTest>
    <UnitTest name="RegisterPostReturnsViewIfRegistrationFails" storage="c:\exercises\mvc\aspnetmvctrainingkit\labs\aspnetmvc\ex01-creatingmvcapp\end\mvcsampleapp.tests\bin\debug\mvcsampleapp.tests.dll" id="ac13c759-53ea-818b-312e-04955751d484">
      <Execution id="7154e94d-b8de-487e-8a19-c86c042adc4b" />
      <TestMethod codeBase="C:/Exercises/MVC/AspNetMvcTrainingKit/Labs/aspNetMVC/Ex01-CreatingMvcApp/end/MvcSampleApp.Tests/bin/Debug/MvcSampleApp.Tests.DLL" adapterTypeName="Microsoft.VisualStudio.TestTools.TestTypes.Unit.UnitTestAdapter, Microsoft.VisualStudio.QualityTools.Tips.UnitTest.Adapter, Version=10.0.0.0, Culture=neutral, PublicKeyToken=b03f5f7f11d50a3a" className="MvcSampleApp.Tests.Controllers.AccountControllerTest, MvcSampleApp.Tests, Version=1.0.0.0, Culture=neutral, PublicKeyToken=null" name="RegisterPostReturnsViewIfRegistrationFails" />
    </UnitTest>
    <UnitTest name="LoginPostRedirectsToReturnUrlIfLoginSuccessfulAndReturnUrlGiven" storage="c:\exercises\mvc\aspnetmvctrainingkit\labs\aspnetmvc\ex01-creatingmvcapp\end\mvcsampleapp.tests\bin\debug\mvcsampleapp.tests.dll" id="e64166fe-a36b-ea7c-7c7a-b13dc5db6e9c">
      <Execution id="b2eff8a9-aae1-43cf-a367-bf48a1149672" />
      <TestMethod codeBase="C:/Exercises/MVC/AspNetMvcTrainingKit/Labs/aspNetMVC/Ex01-CreatingMvcApp/end/MvcSampleApp.Tests/bin/Debug/MvcSampleApp.Tests.DLL" adapterTypeName="Microsoft.VisualStudio.TestTools.TestTypes.Unit.UnitTestAdapter, Microsoft.VisualStudio.QualityTools.Tips.UnitTest.Adapter, Version=10.0.0.0, Culture=neutral, PublicKeyToken=b03f5f7f11d50a3a" className="MvcSampleApp.Tests.Controllers.AccountControllerTest, MvcSampleApp.Tests, Version=1.0.0.0, Culture=neutral, PublicKeyToken=null" name="LoginPostRedirectsToReturnUrlIfLoginSuccessfulAndReturnUrlGiven" />
    </UnitTest>
    <UnitTest name="RegisterPostReturnsViewIfUsernameNotSpecified" storage="c:\exercises\mvc\aspnetmvctrainingkit\labs\aspnetmvc\ex01-creatingmvcapp\end\mvcsampleapp.tests\bin\debug\mvcsampleapp.tests.dll" id="52b16b91-7181-b787-fbc7-65319997afad">
      <Execution id="97a83786-8183-4d7b-8ffc-8bc1c64bfa0d" />
      <TestMethod codeBase="C:/Exercises/MVC/AspNetMvcTrainingKit/Labs/aspNetMVC/Ex01-CreatingMvcApp/end/MvcSampleApp.Tests/bin/Debug/MvcSampleApp.Tests.DLL" adapterTypeName="Microsoft.VisualStudio.TestTools.TestTypes.Unit.UnitTestAdapter, Microsoft.VisualStudio.QualityTools.Tips.UnitTest.Adapter, Version=10.0.0.0, Culture=neutral, PublicKeyToken=b03f5f7f11d50a3a" className="MvcSampleApp.Tests.Controllers.AccountControllerTest, MvcSampleApp.Tests, Version=1.0.0.0, Culture=neutral, PublicKeyToken=null" name="RegisterPostReturnsViewIfUsernameNotSpecified" />
    </UnitTest>
    <UnitTest name="ChangePasswordGetReturnsView" storage="c:\exercises\mvc\aspnetmvctrainingkit\labs\aspnetmvc\ex01-creatingmvcapp\end\mvcsampleapp.tests\bin\debug\mvcsampleapp.tests.dll" id="27d19ccc-7ff9-e7e6-655b-2c6cbd77337b">
      <Execution id="b989e86c-896d-4073-8dab-76c8efab33aa" />
      <TestMethod codeBase="C:/Exercises/MVC/AspNetMvcTrainingKit/Labs/aspNetMVC/Ex01-CreatingMvcApp/end/MvcSampleApp.Tests/bin/Debug/MvcSampleApp.Tests.DLL" adapterTypeName="Microsoft.VisualStudio.TestTools.TestTypes.Unit.UnitTestAdapter, Microsoft.VisualStudio.QualityTools.Tips.UnitTest.Adapter, Version=10.0.0.0, Culture=neutral, PublicKeyToken=b03f5f7f11d50a3a" className="MvcSampleApp.Tests.Controllers.AccountControllerTest, MvcSampleApp.Tests, Version=1.0.0.0, Culture=neutral, PublicKeyToken=null" name="ChangePasswordGetReturnsView" />
    </UnitTest>
    <UnitTest name="ChangePasswordPostReturnsViewIfNewPasswordIsTooShort" storage="c:\exercises\mvc\aspnetmvctrainingkit\labs\aspnetmvc\ex01-creatingmvcapp\end\mvcsampleapp.tests\bin\debug\mvcsampleapp.tests.dll" id="0fcdf549-20fa-0687-3b52-e6dcd2c375e3">
      <Execution id="49e65def-c564-44f2-aace-c5d07830ae59" />
      <TestMethod codeBase="C:/Exercises/MVC/AspNetMvcTrainingKit/Labs/aspNetMVC/Ex01-CreatingMvcApp/end/MvcSampleApp.Tests/bin/Debug/MvcSampleApp.Tests.DLL" adapterTypeName="Microsoft.VisualStudio.TestTools.TestTypes.Unit.UnitTestAdapter, Microsoft.VisualStudio.QualityTools.Tips.UnitTest.Adapter, Version=10.0.0.0, Culture=neutral, PublicKeyToken=b03f5f7f11d50a3a" className="MvcSampleApp.Tests.Controllers.AccountControllerTest, MvcSampleApp.Tests, Version=1.0.0.0, Culture=neutral, PublicKeyToken=null" name="ChangePasswordPostReturnsViewIfNewPasswordIsTooShort" />
    </UnitTest>
    <UnitTest name="RegisterGet" storage="c:\exercises\mvc\aspnetmvctrainingkit\labs\aspnetmvc\ex01-creatingmvcapp\end\mvcsampleapp.tests\bin\debug\mvcsampleapp.tests.dll" id="7c8417c2-954f-8508-abaa-e0fa6214a0ce">
      <Execution id="b8ba6e13-1908-418c-ac1e-a7c060eebb4c" />
      <TestMethod codeBase="C:/Exercises/MVC/AspNetMvcTrainingKit/Labs/aspNetMVC/Ex01-CreatingMvcApp/end/MvcSampleApp.Tests/bin/Debug/MvcSampleApp.Tests.DLL" adapterTypeName="Microsoft.VisualStudio.TestTools.TestTypes.Unit.UnitTestAdapter, Microsoft.VisualStudio.QualityTools.Tips.UnitTest.Adapter, Version=10.0.0.0, Culture=neutral, PublicKeyToken=b03f5f7f11d50a3a" className="MvcSampleApp.Tests.Controllers.AccountControllerTest, MvcSampleApp.Tests, Version=1.0.0.0, Culture=neutral, PublicKeyToken=null" name="RegisterGet" />
    </UnitTest>
    <UnitTest name="About" storage="c:\exercises\mvc\aspnetmvctrainingkit\labs\aspnetmvc\ex01-creatingmvcapp\end\mvcsampleapp.tests\bin\debug\mvcsampleapp.tests.dll" id="05586d72-cc9b-7683-8f5e-b9d96fc94223">
      <Execution id="662db41e-3333-4958-837f-b0df596f97df" />
      <TestMethod codeBase="C:/Exercises/MVC/AspNetMvcTrainingKit/Labs/aspNetMVC/Ex01-CreatingMvcApp/end/MvcSampleApp.Tests/bin/Debug/MvcSampleApp.Tests.DLL" adapterTypeName="Microsoft.VisualStudio.TestTools.TestTypes.Unit.UnitTestAdapter, Microsoft.VisualStudio.QualityTools.Tips.UnitTest.Adapter, Version=10.0.0.0, Culture=neutral, PublicKeyToken=b03f5f7f11d50a3a" className="MvcSampleApp.Tests.Controllers.HomeControllerTest, MvcSampleApp.Tests, Version=1.0.0.0, Culture=neutral, PublicKeyToken=null" name="About" />
    </UnitTest>
    <UnitTest name="ConstructorSetsPropertiesToDefaultValues" storage="c:\exercises\mvc\aspnetmvctrainingkit\labs\aspnetmvc\ex01-creatingmvcapp\end\mvcsampleapp.tests\bin\debug\mvcsampleapp.tests.dll" id="3a51538d-cbf9-e136-7bbc-f794d2710266">
      <Execution id="7b826890-deef-4cee-9e26-b71e9a2ad8ff" />
      <TestMethod codeBase="C:/Exercises/MVC/AspNetMvcTrainingKit/Labs/aspNetMVC/Ex01-CreatingMvcApp/end/MvcSampleApp.Tests/bin/Debug/MvcSampleApp.Tests.DLL" adapterTypeName="Microsoft.VisualStudio.TestTools.TestTypes.Unit.UnitTestAdapter, Microsoft.VisualStudio.QualityTools.Tips.UnitTest.Adapter, Version=10.0.0.0, Culture=neutral, PublicKeyToken=b03f5f7f11d50a3a" className="MvcSampleApp.Tests.Controllers.AccountControllerTest, MvcSampleApp.Tests, Version=1.0.0.0, Culture=neutral, PublicKeyToken=null" name="ConstructorSetsPropertiesToDefaultValues" />
    </UnitTest>
    <UnitTest name="LoginPostReturnsViewIfUsernameNotSpecified" storage="c:\exercises\mvc\aspnetmvctrainingkit\labs\aspnetmvc\ex01-creatingmvcapp\end\mvcsampleapp.tests\bin\debug\mvcsampleapp.tests.dll" id="239e2a89-2e3b-d356-36b0-3a6d36dbe363">
      <Execution id="b9d69284-5e52-4409-985b-6a944abbfa58" />
      <TestMethod codeBase="C:/Exercises/MVC/AspNetMvcTrainingKit/Labs/aspNetMVC/Ex01-CreatingMvcApp/end/MvcSampleApp.Tests/bin/Debug/MvcSampleApp.Tests.DLL" adapterTypeName="Microsoft.VisualStudio.TestTools.TestTypes.Unit.UnitTestAdapter, Microsoft.VisualStudio.QualityTools.Tips.UnitTest.Adapter, Version=10.0.0.0, Culture=neutral, PublicKeyToken=b03f5f7f11d50a3a" className="MvcSampleApp.Tests.Controllers.AccountControllerTest, MvcSampleApp.Tests, Version=1.0.0.0, Culture=neutral, PublicKeyToken=null" name="LoginPostReturnsViewIfUsernameNotSpecified" />
    </UnitTest>
    <UnitTest name="ChangePasswordPostRedirectsOnSuccess" storage="c:\exercises\mvc\aspnetmvctrainingkit\labs\aspnetmvc\ex01-creatingmvcapp\end\mvcsampleapp.tests\bin\debug\mvcsampleapp.tests.dll" id="2861f7be-f8a9-703f-5004-a83d00e89057">
      <Execution id="64e26c2c-1641-4bb9-b872-8a912c061ba9" />
      <TestMethod codeBase="C:/Exercises/MVC/AspNetMvcTrainingKit/Labs/aspNetMVC/Ex01-CreatingMvcApp/end/MvcSampleApp.Tests/bin/Debug/MvcSampleApp.Tests.DLL" adapterTypeName="Microsoft.VisualStudio.TestTools.TestTypes.Unit.UnitTestAdapter, Microsoft.VisualStudio.QualityTools.Tips.UnitTest.Adapter, Version=10.0.0.0, Culture=neutral, PublicKeyToken=b03f5f7f11d50a3a" className="MvcSampleApp.Tests.Controllers.AccountControllerTest, MvcSampleApp.Tests, Version=1.0.0.0, Culture=neutral, PublicKeyToken=null" name="ChangePasswordPostRedirectsOnSuccess" />
    </UnitTest>
    <UnitTest name="LoginPostReturnsViewIfUsernameOrPasswordIsIncorrect" storage="c:\exercises\mvc\aspnetmvctrainingkit\labs\aspnetmvc\ex01-creatingmvcapp\end\mvcsampleapp.tests\bin\debug\mvcsampleapp.tests.dll" id="4986f03f-6865-ef30-fc3f-4d22ac5dc075">
      <Execution id="67ab9b28-dc18-4b28-aded-2925e637b317" />
      <TestMethod codeBase="C:/Exercises/MVC/AspNetMvcTrainingKit/Labs/aspNetMVC/Ex01-CreatingMvcApp/end/MvcSampleApp.Tests/bin/Debug/MvcSampleApp.Tests.DLL" adapterTypeName="Microsoft.VisualStudio.TestTools.TestTypes.Unit.UnitTestAdapter, Microsoft.VisualStudio.QualityTools.Tips.UnitTest.Adapter, Version=10.0.0.0, Culture=neutral, PublicKeyToken=b03f5f7f11d50a3a" className="MvcSampleApp.Tests.Controllers.AccountControllerTest, MvcSampleApp.Tests, Version=1.0.0.0, Culture=neutral, PublicKeyToken=null" name="LoginPostReturnsViewIfUsernameOrPasswordIsIncorrect" />
    </UnitTest>
  </TestDefinitions>
  <TestLists>
    <TestList name="Results Not in a List" id="8c84fa94-04c1-424b-9868-57a2d4851a1d" />
    <TestList name="All Loaded Results" id="19431567-8539-422a-85d7-44ee4e166bda" />
  </TestLists>
  <TestEntries>
    <TestEntry testId="05586d72-cc9b-7683-8f5e-b9d96fc94223" executionId="662db41e-3333-4958-837f-b0df596f97df" testListId="8c84fa94-04c1-424b-9868-57a2d4851a1d" />
    <TestEntry testId="0fcdf549-20fa-0687-3b52-e6dcd2c375e3" executionId="49e65def-c564-44f2-aace-c5d07830ae59" testListId="8c84fa94-04c1-424b-9868-57a2d4851a1d" />
    <TestEntry testId="239e2a89-2e3b-d356-36b0-3a6d36dbe363" executionId="b9d69284-5e52-4409-985b-6a944abbfa58" testListId="8c84fa94-04c1-424b-9868-57a2d4851a1d" />
    <TestEntry testId="27d19ccc-7ff9-e7e6-655b-2c6cbd77337b" executionId="b989e86c-896d-4073-8dab-76c8efab33aa" testListId="8c84fa94-04c1-424b-9868-57a2d4851a1d" />
    <TestEntry testId="2861f7be-f8a9-703f-5004-a83d00e89057" executionId="64e26c2c-1641-4bb9-b872-8a912c061ba9" testListId="8c84fa94-04c1-424b-9868-57a2d4851a1d" />
    <TestEntry testId="3a51538d-cbf9-e136-7bbc-f794d2710266" executionId="7b826890-deef-4cee-9e26-b71e9a2ad8ff" testListId="8c84fa94-04c1-424b-9868-57a2d4851a1d" />
    <TestEntry testId="41cba606-cb01-8287-0203-bedeb6926c4e" executionId="4451ef57-76a5-49dd-9587-4b7d17b9a3cf" testListId="8c84fa94-04c1-424b-9868-57a2d4851a1d" />
    <TestEntry testId="47d1e9b1-d491-300f-e82a-8a3a0b1fa05f" executionId="66ed62ab-9928-4c85-ba6a-bc1c0347df87" testListId="8c84fa94-04c1-424b-9868-57a2d4851a1d" />
    <TestEntry testId="4986f03f-6865-ef30-fc3f-4d22ac5dc075" executionId="67ab9b28-dc18-4b28-aded-2925e637b317" testListId="8c84fa94-04c1-424b-9868-57a2d4851a1d" />
    <TestEntry testId="4db0cd4e-d946-87d7-199b-d57d065690ed" executionId="8e4060a5-d3d6-48dc-844b-4aa624bdfab5" testListId="8c84fa94-04c1-424b-9868-57a2d4851a1d" />
    <TestEntry testId="511d4e9c-792e-1ceb-f866-e5ba3921a225" executionId="efabbeca-1b89-45ac-ab20-f7def19ba832" testListId="8c84fa94-04c1-424b-9868-57a2d4851a1d" />
    <TestEntry testId="52b16b91-7181-b787-fbc7-65319997afad" executionId="97a83786-8183-4d7b-8ffc-8bc1c64bfa0d" testListId="8c84fa94-04c1-424b-9868-57a2d4851a1d" />
    <TestEntry testId="6275db96-7fae-8733-4af6-c07943482fef" executionId="aa26fa60-1965-40f8-a3b2-10794fb62977" testListId="8c84fa94-04c1-424b-9868-57a2d4851a1d" />
    <TestEntry testId="72d61c88-efae-41f0-065b-a290536b4bb7" executionId="d758f52e-505e-4783-ab98-a4be3b38b4f7" testListId="8c84fa94-04c1-424b-9868-57a2d4851a1d" />
    <TestEntry testId="7c8417c2-954f-8508-abaa-e0fa6214a0ce" executionId="b8ba6e13-1908-418c-ac1e-a7c060eebb4c" testListId="8c84fa94-04c1-424b-9868-57a2d4851a1d" />
    <TestEntry testId="832fe249-8207-af90-8ec0-64ee5b44095b" executionId="fb03059c-c646-4d6c-aba8-92501ddc8469" testListId="8c84fa94-04c1-424b-9868-57a2d4851a1d" />
    <TestEntry testId="8dadb744-1c3f-005a-df77-870dfa99c105" executionId="40d611c6-dce8-4ba8-bc01-070a24e3fea8" testListId="8c84fa94-04c1-424b-9868-57a2d4851a1d" />
    <TestEntry testId="91e13320-37ab-c7eb-7f57-1685a1fb5c95" executionId="4e3828d1-c3c3-4348-86e3-f11bf4dcf3d8" testListId="8c84fa94-04c1-424b-9868-57a2d4851a1d" />
    <TestEntry testId="97716f7f-9029-7b70-9137-f7ec428eae60" executionId="db5ea443-faed-421b-bb68-bab749afa71c" testListId="8c84fa94-04c1-424b-9868-57a2d4851a1d" />
    <TestEntry testId="a47f1c46-0455-8bec-3f5d-9cf1c7862eea" executionId="833f55cf-b4a8-4dff-ae09-48c1e24f9bd9" testListId="8c84fa94-04c1-424b-9868-57a2d4851a1d" />
    <TestEntry testId="ac13c759-53ea-818b-312e-04955751d484" executionId="7154e94d-b8de-487e-8a19-c86c042adc4b" testListId="8c84fa94-04c1-424b-9868-57a2d4851a1d" />
    <TestEntry testId="b25ce909-6964-a01c-7a0d-886f63323e5c" executionId="a60b7a1e-df46-4b5b-b2f6-9d19c0a100d1" testListId="8c84fa94-04c1-424b-9868-57a2d4851a1d" />
    <TestEntry testId="ca800805-d5bb-d971-9a8c-a47c775b6954" executionId="f3049026-4269-429b-9683-5b9fdefb1d8c" testListId="8c84fa94-04c1-424b-9868-57a2d4851a1d" />
    <TestEntry testId="cec47900-930c-f3ce-076c-b343eb8c8d5a" executionId="3b708c0f-50d4-4968-802b-ce74cd9c7fa1" testListId="8c84fa94-04c1-424b-9868-57a2d4851a1d" />
    <TestEntry testId="e4136b04-77e9-be5e-b3e9-2d34a48543df" executionId="9ae13fd1-89b8-48d7-9954-5594bd81593c" testListId="8c84fa94-04c1-424b-9868-57a2d4851a1d" />
    <TestEntry testId="e64166fe-a36b-ea7c-7c7a-b13dc5db6e9c" executionId="b2eff8a9-aae1-43cf-a367-bf48a1149672" testListId="8c84fa94-04c1-424b-9868-57a2d4851a1d" />
    <TestEntry testId="ff5c31c1-a567-a4ba-dd03-1c85fc3e90d1" executionId="a871f6fb-a5a2-4bea-826d-a1ab781ec491" testListId="8c84fa94-04c1-424b-9868-57a2d4851a1d" />
  </TestEntries>
  <Results>
    <UnitTestResult executionId="662db41e-3333-4958-837f-b0df596f97df" testId="05586d72-cc9b-7683-8f5e-b9d96fc94223" testName="About" computerName="TEGRIT0048" duration="00:00:00.0173752" startTime="2015-05-18T15:55:18.9192760-04:00" endTime="2015-05-18T15:55:19.0872760-04:00" testType="13cdc9d9-ddb5-4fa4-a97d-d965ccfc6d4b" outcome="Passed" testListId="8c84fa94-04c1-424b-9868-57a2d4851a1d" relativeResultsDirectory="662db41e-3333-4958-837f-b0df596f97df">
    </UnitTestResult>
    <UnitTestResult executionId="49e65def-c564-44f2-aace-c5d07830ae59" testId="0fcdf549-20fa-0687-3b52-e6dcd2c375e3" testName="ChangePasswordPostReturnsViewIfNewPasswordIsTooShort" computerName="TEGRIT0048" duration="00:00:00.0059850" startTime="2015-05-18T15:55:19.0892760-04:00" endTime="2015-05-18T15:55:19.0972760-04:00" testType="13cdc9d9-ddb5-4fa4-a97d-d965ccfc6d4b" outcome="Passed" testListId="8c84fa94-04c1-424b-9868-57a2d4851a1d" relativeResultsDirectory="49e65def-c564-44f2-aace-c5d07830ae59">
    </UnitTestResult>
    <UnitTestResult executionId="b9d69284-5e52-4409-985b-6a944abbfa58" testId="239e2a89-2e3b-d356-36b0-3a6d36dbe363" testName="LoginPostReturnsViewIfUsernameNotSpecified" computerName="TEGRIT0048" duration="00:00:00.0005824" startTime="2015-05-18T15:55:19.0992760-04:00" endTime="2015-05-18T15:55:19.1012760-04:00" testType="13cdc9d9-ddb5-4fa4-a97d-d965ccfc6d4b" outcome="Passed" testListId="8c84fa94-04c1-424b-9868-57a2d4851a1d" relativeResultsDirectory="b9d69284-5e52-4409-985b-6a944abbfa58">
    </UnitTestResult>
    <UnitTestResult executionId="b989e86c-896d-4073-8dab-76c8efab33aa" testId="27d19ccc-7ff9-e7e6-655b-2c6cbd77337b" testName="ChangePasswordGetReturnsView" computerName="TEGRIT0048" duration="00:00:00.0002132" startTime="2015-05-18T15:55:19.1032760-04:00" endTime="2015-05-18T15:55:19.1042760-04:00" testType="13cdc9d9-ddb5-4fa4-a97d-d965ccfc6d4b" outcome="Passed" testListId="8c84fa94-04c1-424b-9868-57a2d4851a1d" relativeResultsDirectory="b989e86c-896d-4073-8dab-76c8efab33aa">
    </UnitTestResult>
    <UnitTestResult executionId="64e26c2c-1641-4bb9-b872-8a912c061ba9" testId="2861f7be-f8a9-703f-5004-a83d00e89057" testName="ChangePasswordPostRedirectsOnSuccess" computerName="TEGRIT0048" duration="00:00:00.0019378" startTime="2015-05-18T15:55:19.1062760-04:00" endTime="2015-05-18T15:55:19.1092760-04:00" testType="13cdc9d9-ddb5-4fa4-a97d-d965ccfc6d4b" outcome="Passed" testListId="8c84fa94-04c1-424b-9868-57a2d4851a1d" relativeResultsDirectory="64e26c2c-1641-4bb9-b872-8a912c061ba9">
    </UnitTestResult>
    <UnitTestResult executionId="7b826890-deef-4cee-9e26-b71e9a2ad8ff" testId="3a51538d-cbf9-e136-7bbc-f794d2710266" testName="ConstructorSetsPropertiesToDefaultValues" computerName="TEGRIT0048" duration="00:00:00.0060577" startTime="2015-05-18T15:55:19.1122760-04:00" endTime="2015-05-18T15:55:19.1192760-04:00" testType="13cdc9d9-ddb5-4fa4-a97d-d965ccfc6d4b" outcome="Passed" testListId="8c84fa94-04c1-424b-9868-57a2d4851a1d" relativeResultsDirectory="7b826890-deef-4cee-9e26-b71e9a2ad8ff">
    </UnitTestResult>
    <UnitTestResult executionId="4451ef57-76a5-49dd-9587-4b7d17b9a3cf" testId="41cba606-cb01-8287-0203-bedeb6926c4e" testName="LogOff" computerName="TEGRIT0048" duration="00:00:00.0002947" startTime="2015-05-18T15:55:19.1212760-04:00" endTime="2015-05-18T15:55:19.1232760-04:00" testType="13cdc9d9-ddb5-4fa4-a97d-d965ccfc6d4b" outcome="Passed" testListId="8c84fa94-04c1-424b-9868-57a2d4851a1d" relativeResultsDirectory="4451ef57-76a5-49dd-9587-4b7d17b9a3cf">
    </UnitTestResult>
    <UnitTestResult executionId="66ed62ab-9928-4c85-ba6a-bc1c0347df87" testId="47d1e9b1-d491-300f-e82a-8a3a0b1fa05f" testName="LoginGet" computerName="TEGRIT0048" duration="00:00:00.0001733" startTime="2015-05-18T15:55:19.1252760-04:00" endTime="2015-05-18T15:55:19.1262760-04:00" testType="13cdc9d9-ddb5-4fa4-a97d-d965ccfc6d4b" outcome="Passed" testListId="8c84fa94-04c1-424b-9868-57a2d4851a1d" relativeResultsDirectory="66ed62ab-9928-4c85-ba6a-bc1c0347df87">
    </UnitTestResult>
    <UnitTestResult executionId="67ab9b28-dc18-4b28-aded-2925e637b317" testId="4986f03f-6865-ef30-fc3f-4d22ac5dc075" testName="LoginPostReturnsViewIfUsernameOrPasswordIsIncorrect" computerName="TEGRIT0048" duration="00:00:00.0001739" startTime="2015-05-18T15:55:19.1292760-04:00" endTime="2015-05-18T15:55:19.1302760-04:00" testType="13cdc9d9-ddb5-4fa4-a97d-d965ccfc6d4b" outcome="Passed" testListId="8c84fa94-04c1-424b-9868-57a2d4851a1d" relativeResultsDirectory="67ab9b28-dc18-4b28-aded-2925e637b317">
    </UnitTestResult>
    <UnitTestResult executionId="8e4060a5-d3d6-48dc-844b-4aa624bdfab5" testId="4db0cd4e-d946-87d7-199b-d57d065690ed" testName="RegisterPostRedirectsHomeIfRegistrationSuccessful" computerName="TEGRIT0048" duration="00:00:00.0007828" startTime="2015-05-18T15:55:19.1322760-04:00" endTime="2015-05-18T15:55:19.1342760-04:00" testType="13cdc9d9-ddb5-4fa4-a97d-d965ccfc6d4b" outcome="Passed" testListId="8c84fa94-04c1-424b-9868-57a2d4851a1d" relativeResultsDirectory="8e4060a5-d3d6-48dc-844b-4aa624bdfab5">
    </UnitTestResult>
    <UnitTestResult executionId="efabbeca-1b89-45ac-ab20-f7def19ba832" testId="511d4e9c-792e-1ceb-f866-e5ba3921a225" testName="Index" computerName="TEGRIT0048" duration="00:00:00.0001887" startTime="2015-05-18T15:55:19.1362760-04:00" endTime="2015-05-18T15:55:19.1382760-04:00" testType="13cdc9d9-ddb5-4fa4-a97d-d965ccfc6d4b" outcome="Passed" testListId="8c84fa94-04c1-424b-9868-57a2d4851a1d" relativeResultsDirectory="efabbeca-1b89-45ac-ab20-f7def19ba832">
    </UnitTestResult>
    <UnitTestResult executionId="97a83786-8183-4d7b-8ffc-8bc1c64bfa0d" testId="52b16b91-7181-b787-fbc7-65319997afad" testName="RegisterPostReturnsViewIfUsernameNotSpecified" computerName="TEGRIT0048" duration="00:00:00.0001881" startTime="2015-05-18T15:55:19.1402760-04:00" endTime="2015-05-18T15:55:19.1412760-04:00" testType="13cdc9d9-ddb5-4fa4-a97d-d965ccfc6d4b" outcome="Passed" testListId="8c84fa94-04c1-424b-9868-57a2d4851a1d" relativeResultsDirectory="97a83786-8183-4d7b-8ffc-8bc1c64bfa0d">
    </UnitTestResult>
    <UnitTestResult executionId="aa26fa60-1965-40f8-a3b2-10794fb62977" testId="6275db96-7fae-8733-4af6-c07943482fef" testName="LoginPostReturnsViewIfPasswordNotSpecified" computerName="TEGRIT0048" duration="00:00:00.0001647" startTime="2015-05-18T15:55:19.1442760-04:00" endTime="2015-05-18T15:55:19.1452760-04:00" testType="13cdc9d9-ddb5-4fa4-a97d-d965ccfc6d4b" outcome="Passed" testListId="8c84fa94-04c1-424b-9868-57a2d4851a1d" relativeResultsDirectory="aa26fa60-1965-40f8-a3b2-10794fb62977">
    </UnitTestResult>
    <UnitTestResult executionId="d758f52e-505e-4783-ab98-a4be3b38b4f7" testId="72d61c88-efae-41f0-065b-a290536b4bb7" testName="LoginPostRedirectsHomeIfLoginSuccessfulButNoReturnUrlGiven" computerName="TEGRIT0048" duration="00:00:00.0001645" startTime="2015-05-18T15:55:19.1472760-04:00" endTime="2015-05-18T15:55:19.1482760-04:00" testType="13cdc9d9-ddb5-4fa4-a97d-d965ccfc6d4b" outcome="Passed" testListId="8c84fa94-04c1-424b-9868-57a2d4851a1d" relativeResultsDirectory="d758f52e-505e-4783-ab98-a4be3b38b4f7">
    </UnitTestResult>
    <UnitTestResult executionId="b8ba6e13-1908-418c-ac1e-a7c060eebb4c" testId="7c8417c2-954f-8508-abaa-e0fa6214a0ce" testName="RegisterGet" computerName="TEGRIT0048" duration="00:00:00.0002642" startTime="2015-05-18T15:55:19.1512760-04:00" endTime="2015-05-18T15:55:19.1522760-04:00" testType="13cdc9d9-ddb5-4fa4-a97d-d965ccfc6d4b" outcome="Passed" testListId="8c84fa94-04c1-424b-9868-57a2d4851a1d" relativeResultsDirectory="b8ba6e13-1908-418c-ac1e-a7c060eebb4c">
    </UnitTestResult>
    <UnitTestResult executionId="fb03059c-c646-4d6c-aba8-92501ddc8469" testId="832fe249-8207-af90-8ec0-64ee5b44095b" testName="ChangePasswordPostReturnsViewIfCurrentPasswordNotSpecified" computerName="TEGRIT0048" duration="00:00:00.0001776" startTime="2015-05-18T15:55:19.1542760-04:00" endTime="2015-05-18T15:55:19.1562760-04:00" testType="13cdc9d9-ddb5-4fa4-a97d-d965ccfc6d4b" outcome="Passed" testListId="8c84fa94-04c1-424b-9868-57a2d4851a1d" relativeResultsDirectory="fb03059c-c646-4d6c-aba8-92501ddc8469">
    </UnitTestResult>
    <UnitTestResult executionId="40d611c6-dce8-4ba8-bc01-070a24e3fea8" testId="8dadb744-1c3f-005a-df77-870dfa99c105" testName="ChangePasswordPostReturnsViewIfProviderRejectsPassword" computerName="TEGRIT0048" duration="00:00:00.0002132" startTime="2015-05-18T15:55:19.1582760-04:00" endTime="2015-05-18T15:55:19.1592760-04:00" testType="13cdc9d9-ddb5-4fa4-a97d-d965ccfc6d4b" outcome="Passed" testListId="8c84fa94-04c1-424b-9868-57a2d4851a1d" relativeResultsDirectory="40d611c6-dce8-4ba8-bc01-070a24e3fea8">
    </UnitTestResult>
    <UnitTestResult executionId="4e3828d1-c3c3-4348-86e3-f11bf4dcf3d8" testId="91e13320-37ab-c7eb-7f57-1685a1fb5c95" testName="RegisterPostReturnsViewIfEmailNotSpecified" computerName="TEGRIT0048" duration="00:00:00.0001915" startTime="2015-05-18T15:55:19.1612760-04:00" endTime="2015-05-18T15:55:19.1632760-04:00" testType="13cdc9d9-ddb5-4fa4-a97d-d965ccfc6d4b" outcome="Passed" testListId="8c84fa94-04c1-424b-9868-57a2d4851a1d" relativeResultsDirectory="4e3828d1-c3c3-4348-86e3-f11bf4dcf3d8">
    </UnitTestResult>
    <UnitTestResult executionId="db5ea443-faed-421b-bb68-bab749afa71c" testId="97716f7f-9029-7b70-9137-f7ec428eae60" testName="RegisterPostReturnsViewIfPasswordIsNull" computerName="TEGRIT0048" duration="00:00:00.0001907" startTime="2015-05-18T15:55:19.1652760-04:00" endTime="2015-05-18T15:55:19.1662760-04:00" testType="13cdc9d9-ddb5-4fa4-a97d-d965ccfc6d4b" outcome="Passed" testListId="8c84fa94-04c1-424b-9868-57a2d4851a1d" relativeResultsDirectory="db5ea443-faed-421b-bb68-bab749afa71c">
    </UnitTestResult>
    <UnitTestResult executionId="833f55cf-b4a8-4dff-ae09-48c1e24f9bd9" testId="a47f1c46-0455-8bec-3f5d-9cf1c7862eea" testName="ChangePasswordPostReturnsViewIfNewPasswordDoesNotMatchConfirmPassword" computerName="TEGRIT0048" duration="00:00:00.0001867" startTime="2015-05-18T15:55:19.1682760-04:00" endTime="2015-05-18T15:55:19.1702760-04:00" testType="13cdc9d9-ddb5-4fa4-a97d-d965ccfc6d4b" outcome="Passed" testListId="8c84fa94-04c1-424b-9868-57a2d4851a1d" relativeResultsDirectory="833f55cf-b4a8-4dff-ae09-48c1e24f9bd9">
    </UnitTestResult>
    <UnitTestResult executionId="7154e94d-b8de-487e-8a19-c86c042adc4b" testId="ac13c759-53ea-818b-312e-04955751d484" testName="RegisterPostReturnsViewIfRegistrationFails" computerName="TEGRIT0048" duration="00:00:00.0002927" startTime="2015-05-18T15:55:19.1722760-04:00" endTime="2015-05-18T15:55:19.1732760-04:00" testType="13cdc9d9-ddb5-4fa4-a97d-d965ccfc6d4b" outcome="Passed" testListId="8c84fa94-04c1-424b-9868-57a2d4851a1d" relativeResultsDirectory="7154e94d-b8de-487e-8a19-c86c042adc4b">
    </UnitTestResult>
    <UnitTestResult executionId="a60b7a1e-df46-4b5b-b2f6-9d19c0a100d1" testId="b25ce909-6964-a01c-7a0d-886f63323e5c" testName="ChangePasswordSuccess" computerName="TEGRIT0048" duration="00:00:00.0001619" startTime="2015-05-18T15:55:19.1752760-04:00" endTime="2015-05-18T15:55:19.1772760-04:00" testType="13cdc9d9-ddb5-4fa4-a97d-d965ccfc6d4b" outcome="Passed" testListId="8c84fa94-04c1-424b-9868-57a2d4851a1d" relativeResultsDirectory="a60b7a1e-df46-4b5b-b2f6-9d19c0a100d1">
    </UnitTestResult>
    <UnitTestResult executionId="f3049026-4269-429b-9683-5b9fdefb1d8c" testId="ca800805-d5bb-d971-9a8c-a47c775b6954" testName="RegisterPostReturnsViewIfNewPasswordDoesNotMatchConfirmPassword" computerName="TEGRIT0048" duration="00:00:00.0002118" startTime="2015-05-18T15:55:19.1792760-04:00" endTime="2015-05-18T15:55:19.1812760-04:00" testType="13cdc9d9-ddb5-4fa4-a97d-d965ccfc6d4b" outcome="Passed" testListId="8c84fa94-04c1-424b-9868-57a2d4851a1d" relativeResultsDirectory="f3049026-4269-429b-9683-5b9fdefb1d8c">
    </UnitTestResult>
    <UnitTestResult executionId="3b708c0f-50d4-4968-802b-ce74cd9c7fa1" testId="cec47900-930c-f3ce-076c-b343eb8c8d5a" testName="ConstructorSetsProperties" computerName="TEGRIT0048" duration="00:00:00.0001804" startTime="2015-05-18T15:55:19.1832760-04:00" endTime="2015-05-18T15:55:19.1842760-04:00" testType="13cdc9d9-ddb5-4fa4-a97d-d965ccfc6d4b" outcome="Passed" testListId="8c84fa94-04c1-424b-9868-57a2d4851a1d" relativeResultsDirectory="3b708c0f-50d4-4968-802b-ce74cd9c7fa1">
    </UnitTestResult>
    <UnitTestResult executionId="9ae13fd1-89b8-48d7-9954-5594bd81593c" testId="e4136b04-77e9-be5e-b3e9-2d34a48543df" testName="ChangePasswordPostReturnsViewIfNewPasswordIsNull" computerName="TEGRIT0048" duration="00:00:00.0001972" startTime="2015-05-18T15:55:19.1862760-04:00" endTime="2015-05-18T15:55:19.1882760-04:00" testType="13cdc9d9-ddb5-4fa4-a97d-d965ccfc6d4b" outcome="Passed" testListId="8c84fa94-04c1-424b-9868-57a2d4851a1d" relativeResultsDirectory="9ae13fd1-89b8-48d7-9954-5594bd81593c">
    </UnitTestResult>
    <UnitTestResult executionId="b2eff8a9-aae1-43cf-a367-bf48a1149672" testId="e64166fe-a36b-ea7c-7c7a-b13dc5db6e9c" testName="LoginPostRedirectsToReturnUrlIfLoginSuccessfulAndReturnUrlGiven" computerName="TEGRIT0048" duration="00:00:00.0005020" startTime="2015-05-18T15:55:19.1902760-04:00" endTime="2015-05-18T15:55:19.1922760-04:00" testType="13cdc9d9-ddb5-4fa4-a97d-d965ccfc6d4b" outcome="Passed" testListId="8c84fa94-04c1-424b-9868-57a2d4851a1d" relativeResultsDirectory="b2eff8a9-aae1-43cf-a367-bf48a1149672">
    </UnitTestResult>
    <UnitTestResult executionId="a871f6fb-a5a2-4bea-826d-a1ab781ec491" testId="ff5c31c1-a567-a4ba-dd03-1c85fc3e90d1" testName="RegisterPostReturnsViewIfPasswordIsTooShort" computerName="TEGRIT0048" duration="00:00:00.0001927" startTime="2015-05-18T15:55:19.1942760-04:00" endTime="2015-05-18T15:55:19.1952760-04:00" testType="13cdc9d9-ddb5-4fa4-a97d-d965ccfc6d4b" outcome="Passed" testListId="8c84fa94-04c1-424b-9868-57a2d4851a1d" relativeResultsDirectory="a871f6fb-a5a2-4bea-826d-a1ab781ec491">
    </UnitTestResult>
  </Results>
</TestRun>