<?xml version="1.0" encoding="UTF-8"?>
<TestRun id="be6617c1-b2fa-48f2-8c22-7c468eb7abe6" name="sheila.deskins@TEGRIT0048 2015-05-19 15:50:14" runUser="TEGRITSOLUTIONS\sheila.deskins" xmlns="http://microsoft.com/schemas/VisualStudio/TeamTest/2010">
  <TestSettings name="Default Test Settings" id="90e81987-8618-4409-9c52-3a692413c639">
    <Deployment userDeploymentRoot="C:\Exercises\MVC\MVC_1.0\MVC01_TrainingVideo\Commerce.MVC\TestResults" useDefaultDeploymentRoot="false" runDeploymentRoot="sheila.deskins_TEGRIT0048 2015-05-19 15_50_14">
      <DeploymentItem filename="C:\Exercises\MVC\MVC_1.0\MVC01_TrainingVideo\Commerce.MVC\Commerce.MVC\bin\Commerce.MVC.dll" />
      <DeploymentItem filename="C:\Exercises\MVC\MVC_1.0\MVC01_TrainingVideo\Commerce.MVC\ClassLibrary2\bin\Debug\Commerce.MVC.Data.dll" />
      <DeploymentItem filename="C:\Exercises\MVC\MVC_1.0\MVC01_TrainingVideo\Commerce.MVC\ClassLibrary1\bin\Debug\Commerce.MVC.Services.dll" />
    </Deployment>
    <Execution>
      <TestTypeSpecific />
      <AgentRule name="Execution Agents">
      </AgentRule>
    </Execution>
  </TestSettings>
  <Times creation="2015-05-19T15:50:14.4125855-04:00" queuing="2015-05-19T15:50:14.4845855-04:00" start="2015-05-19T15:50:14.4865855-04:00" finish="2015-05-19T15:50:14.6365855-04:00" />
  <ResultSummary outcome="Completed">
    <Counters total="1" executed="1" passed="1" error="0" failed="0" timeout="0" aborted="0" inconclusive="0" passedButRunAborted="0" notRunnable="0" notExecuted="0" disconnected="0" warning="0" completed="0" inProgress="0" pending="0" />
  </ResultSummary>
  <TestDefinitions>
    <UnitTest name="Product_ShouldHave_Name_Description_CAtegory_Price_Discount_Fields" storage="c:\exercises\mvc\mvc_1.0\mvc01_trainingvideo\commerce.mvc\commerce.mvc.tests\bin\debug\commerce.mvc.tests.dll" id="cf1d4945-3b66-0f99-63a5-cf7f25e0adf1">
      <Execution id="5a7069ec-df40-4c76-9baa-f2c65c14dbc1" />
      <TestMethod codeBase="C:/Exercises/MVC/MVC_1.0/MVC01_TrainingVideo/Commerce.MVC/Commerce.MVC.Tests/bin/Debug/Commerce.MVC.Tests.DLL" adapterTypeName="Microsoft.VisualStudio.TestTools.TestTypes.Unit.UnitTestAdapter, Microsoft.VisualStudio.QualityTools.Tips.UnitTest.Adapter, Version=10.0.0.0, Culture=neutral, PublicKeyToken=b03f5f7f11d50a3a" className="Commerce.MVC.Tests.CatalogTests, Commerce.MVC.Tests, Version=1.0.0.0, Culture=neutral, PublicKeyToken=null" name="Product_ShouldHave_Name_Description_CAtegory_Price_Discount_Fields" />
    </UnitTest>
  </TestDefinitions>
  <TestLists>
    <TestList name="Results Not in a List" id="8c84fa94-04c1-424b-9868-57a2d4851a1d" />
    <TestList name="All Loaded Results" id="19431567-8539-422a-85d7-44ee4e166bda" />
  </TestLists>
  <TestEntries>
    <TestEntry testId="cf1d4945-3b66-0f99-63a5-cf7f25e0adf1" executionId="5a7069ec-df40-4c76-9baa-f2c65c14dbc1" testListId="8c84fa94-04c1-424b-9868-57a2d4851a1d" />
  </TestEntries>
  <Results>
    <UnitTestResult executionId="5a7069ec-df40-4c76-9baa-f2c65c14dbc1" testId="cf1d4945-3b66-0f99-63a5-cf7f25e0adf1" testName="Product_ShouldHave_Name_Description_CAtegory_Price_Discount_Fields" computerName="TEGRIT0048" duration="00:00:00.0095236" startTime="2015-05-19T15:50:14.4905855-04:00" endTime="2015-05-19T15:50:14.6275855-04:00" testType="13cdc9d9-ddb5-4fa4-a97d-d965ccfc6d4b" outcome="Passed" testListId="8c84fa94-04c1-424b-9868-57a2d4851a1d" relativeResultsDirectory="5a7069ec-df40-4c76-9baa-f2c65c14dbc1">
    </UnitTestResult>
  </Results>
</TestRun>