<?xml version="1.0" encoding="UTF-8"?>
<TestRun id="d8b48131-13d5-4521-ae12-78871b02f47b" name="sheila.deskins@TEGRIT0048 2015-05-19 17:10:35" runUser="TEGRITSOLUTIONS\sheila.deskins" xmlns="http://microsoft.com/schemas/VisualStudio/TeamTest/2010">
  <TestSettings name="Default Test Settings" id="c5af912a-c5af-4269-9443-1a4f29f582d6">
    <Deployment runDeploymentRoot="sheila.deskins_TEGRIT0048 2015-05-19 17_10_35">
      <DeploymentItem filename="C:\Exercises\MVC\MVC_1.0\MVC01_TrainingVideo\Commerce.MVC\Commerce.MVC\bin\Commerce.MVC.dll" />
      <DeploymentItem filename="C:\Exercises\MVC\MVC_1.0\MVC01_TrainingVideo\Commerce.MVC\ClassLibrary2\bin\Debug\Commerce.MVC.Data.dll" />
      <DeploymentItem filename="C:\Exercises\MVC\MVC_1.0\MVC01_TrainingVideo\Commerce.MVC\ClassLibrary1\bin\Debug\Commerce.MVC.Services.dll" />
    </Deployment>
    <Execution>
      <TestTypeSpecific />
      <AgentRule name="Execution Agents">
      </AgentRule>
    </Execution>
  </TestSettings>
  <Times creation="2015-05-19T17:10:35.4125855-04:00" queuing="2015-05-19T17:10:36.2145855-04:00" start="2015-05-19T17:10:36.2695855-04:00" finish="2015-05-19T17:10:45.0065855-04:00" />
  <ResultSummary outcome="Failed">
    <Counters total="31" executed="31" passed="27" error="0" failed="4" timeout="0" aborted="0" inconclusive="0" passedButRunAborted="0" notRunnable="0" notExecuted="0" disconnected="0" warning="0" completed="0" inProgress="0" pending="0" />
  </ResultSummary>
  <TestDefinitions>
    <UnitTest name="LogOn_Get_ReturnsView" storage="c:\exercises\mvc\mvc_1.0\mvc01_trainingvideo\commerce.mvc\commerce.mvc.tests\bin\debug\commerce.mvc.tests.dll" id="8d1b1feb-a745-4234-a6d1-a381af55cac9">
      <Execution id="25a3b11b-3094-47a2-a1b8-ab4b870d8de1" />
      <TestMethod codeBase="C:/Exercises/MVC/MVC_1.0/MVC01_TrainingVideo/Commerce.MVC/Commerce.MVC.Tests/bin/Debug/Commerce.MVC.Tests.DLL" adapterTypeName="Microsoft.VisualStudio.TestTools.TestTypes.Unit.UnitTestAdapter, Microsoft.VisualStudio.QualityTools.Tips.UnitTest.Adapter, Version=10.0.0.0, Culture=neutral, PublicKeyToken=b03f5f7f11d50a3a" className="Commerce.MVC.Tests.Controllers.AccountControllerTest, Commerce.MVC.Tests, Version=1.0.0.0, Culture=neutral, PublicKeyToken=null" name="LogOn_Get_ReturnsView" />
    </UnitTest>
    <UnitTest name="LogOn_Post_ReturnsRedirectOnSuccess_WithReturnUrl" storage="c:\exercises\mvc\mvc_1.0\mvc01_trainingvideo\commerce.mvc\commerce.mvc.tests\bin\debug\commerce.mvc.tests.dll" id="b20d3daf-9915-d9d3-9e0a-31bb698ea9b3">
      <Execution id="6f056b4c-c4f5-42f0-a11a-0a6b0aee6f06" />
      <TestMethod codeBase="C:/Exercises/MVC/MVC_1.0/MVC01_TrainingVideo/Commerce.MVC/Commerce.MVC.Tests/bin/Debug/Commerce.MVC.Tests.DLL" adapterTypeName="Microsoft.VisualStudio.TestTools.TestTypes.Unit.UnitTestAdapter, Microsoft.VisualStudio.QualityTools.Tips.UnitTest.Adapter, Version=10.0.0.0, Culture=neutral, PublicKeyToken=b03f5f7f11d50a3a" className="Commerce.MVC.Tests.Controllers.AccountControllerTest, Commerce.MVC.Tests, Version=1.0.0.0, Culture=neutral, PublicKeyToken=null" name="LogOn_Post_ReturnsRedirectOnSuccess_WithReturnUrl" />
    </UnitTest>
    <UnitTest name="LogOn_Post_ReturnsRedirectOnSuccess_WithoutReturnUrl" storage="c:\exercises\mvc\mvc_1.0\mvc01_trainingvideo\commerce.mvc\commerce.mvc.tests\bin\debug\commerce.mvc.tests.dll" id="b3a164be-57e7-9368-3776-0fce21c64e54">
      <Execution id="916193dc-c8a9-411e-a6b8-b62597937f6c" />
      <TestMethod codeBase="C:/Exercises/MVC/MVC_1.0/MVC01_TrainingVideo/Commerce.MVC/Commerce.MVC.Tests/bin/Debug/Commerce.MVC.Tests.DLL" adapterTypeName="Microsoft.VisualStudio.TestTools.TestTypes.Unit.UnitTestAdapter, Microsoft.VisualStudio.QualityTools.Tips.UnitTest.Adapter, Version=10.0.0.0, Culture=neutral, PublicKeyToken=b03f5f7f11d50a3a" className="Commerce.MVC.Tests.Controllers.AccountControllerTest, Commerce.MVC.Tests, Version=1.0.0.0, Culture=neutral, PublicKeyToken=null" name="LogOn_Post_ReturnsRedirectOnSuccess_WithoutReturnUrl" />
    </UnitTest>
    <UnitTest name="Register_Post_ReturnsViewIfRegistrationFails" storage="c:\exercises\mvc\mvc_1.0\mvc01_trainingvideo\commerce.mvc\commerce.mvc.tests\bin\debug\commerce.mvc.tests.dll" id="e7e81652-627a-a728-3b65-3dc87a0c628f">
      <Execution id="92eff4f5-fd86-483f-934f-a268aae41c34" />
      <TestMethod codeBase="C:/Exercises/MVC/MVC_1.0/MVC01_TrainingVideo/Commerce.MVC/Commerce.MVC.Tests/bin/Debug/Commerce.MVC.Tests.DLL" adapterTypeName="Microsoft.VisualStudio.TestTools.TestTypes.Unit.UnitTestAdapter, Microsoft.VisualStudio.QualityTools.Tips.UnitTest.Adapter, Version=10.0.0.0, Culture=neutral, PublicKeyToken=b03f5f7f11d50a3a" className="Commerce.MVC.Tests.Controllers.AccountControllerTest, Commerce.MVC.Tests, Version=1.0.0.0, Culture=neutral, PublicKeyToken=null" name="Register_Post_ReturnsViewIfRegistrationFails" />
    </UnitTest>
    <UnitTest name="Repository_Returns_Single_Product_When_Filtered_ByID_1" storage="c:\exercises\mvc\mvc_1.0\mvc01_trainingvideo\commerce.mvc\commerce.mvc.tests\bin\debug\commerce.mvc.tests.dll" id="1f0b25a7-09ff-1f7e-fd8a-049c06c424f3">
      <Execution id="33ad501b-4fe8-4688-a98a-a69a1a3db5cb" />
      <TestMethod codeBase="C:/Exercises/MVC/MVC_1.0/MVC01_TrainingVideo/Commerce.MVC/Commerce.MVC.Tests/bin/Debug/Commerce.MVC.Tests.DLL" adapterTypeName="Microsoft.VisualStudio.TestTools.TestTypes.Unit.UnitTestAdapter, Microsoft.VisualStudio.QualityTools.Tips.UnitTest.Adapter, Version=10.0.0.0, Culture=neutral, PublicKeyToken=b03f5f7f11d50a3a" className="Commerce.MVC.Tests.CatalogTests, Commerce.MVC.Tests, Version=1.0.0.0, Culture=neutral, PublicKeyToken=null" name="Repository_Returns_Single_Product_When_Filtered_ByID_1" />
    </UnitTest>
    <UnitTest name="ChangePassword_Post_ReturnsRedirectOnSuccess" storage="c:\exercises\mvc\mvc_1.0\mvc01_trainingvideo\commerce.mvc\commerce.mvc.tests\bin\debug\commerce.mvc.tests.dll" id="a573b03e-4e26-3945-cb27-b25aec903969">
      <Execution id="e53d9a93-b75a-47e1-8727-723464940c09" />
      <TestMethod codeBase="C:/Exercises/MVC/MVC_1.0/MVC01_TrainingVideo/Commerce.MVC/Commerce.MVC.Tests/bin/Debug/Commerce.MVC.Tests.DLL" adapterTypeName="Microsoft.VisualStudio.TestTools.TestTypes.Unit.UnitTestAdapter, Microsoft.VisualStudio.QualityTools.Tips.UnitTest.Adapter, Version=10.0.0.0, Culture=neutral, PublicKeyToken=b03f5f7f11d50a3a" className="Commerce.MVC.Tests.Controllers.AccountControllerTest, Commerce.MVC.Tests, Version=1.0.0.0, Culture=neutral, PublicKeyToken=null" name="ChangePassword_Post_ReturnsRedirectOnSuccess" />
    </UnitTest>
    <UnitTest name="Register_Post_ReturnsRedirectOnSuccess" storage="c:\exercises\mvc\mvc_1.0\mvc01_trainingvideo\commerce.mvc\commerce.mvc.tests\bin\debug\commerce.mvc.tests.dll" id="d7103425-9b95-5cdc-5f69-73dcd39e6ba3">
      <Execution id="f69125ea-5edb-4142-b1ef-21adfa573132" />
      <TestMethod codeBase="C:/Exercises/MVC/MVC_1.0/MVC01_TrainingVideo/Commerce.MVC/Commerce.MVC.Tests/bin/Debug/Commerce.MVC.Tests.DLL" adapterTypeName="Microsoft.VisualStudio.TestTools.TestTypes.Unit.UnitTestAdapter, Microsoft.VisualStudio.QualityTools.Tips.UnitTest.Adapter, Version=10.0.0.0, Culture=neutral, PublicKeyToken=b03f5f7f11d50a3a" className="Commerce.MVC.Tests.Controllers.AccountControllerTest, Commerce.MVC.Tests, Version=1.0.0.0, Culture=neutral, PublicKeyToken=null" name="Register_Post_ReturnsRedirectOnSuccess" />
    </UnitTest>
    <UnitTest name="CatalogService_Can_Group_ParentCategories" storage="c:\exercises\mvc\mvc_1.0\mvc01_trainingvideo\commerce.mvc\commerce.mvc.tests\bin\debug\commerce.mvc.tests.dll" id="4027e48d-36d2-cdbb-23cd-9ef9c383eb3f">
      <Execution id="795e8e05-660b-44e6-b4b4-7a55b9fcac76" />
      <TestMethod codeBase="C:/Exercises/MVC/MVC_1.0/MVC01_TrainingVideo/Commerce.MVC/Commerce.MVC.Tests/bin/Debug/Commerce.MVC.Tests.DLL" adapterTypeName="Microsoft.VisualStudio.TestTools.TestTypes.Unit.UnitTestAdapter, Microsoft.VisualStudio.QualityTools.Tips.UnitTest.Adapter, Version=10.0.0.0, Culture=neutral, PublicKeyToken=b03f5f7f11d50a3a" className="Commerce.MVC.Tests.CatalogTests, Commerce.MVC.Tests, Version=1.0.0.0, Culture=neutral, PublicKeyToken=null" name="CatalogService_Can_Group_ParentCategories" />
    </UnitTest>
    <UnitTest name="LogOn_Post_ReturnsViewIfModelStateIsInvalid" storage="c:\exercises\mvc\mvc_1.0\mvc01_trainingvideo\commerce.mvc\commerce.mvc.tests\bin\debug\commerce.mvc.tests.dll" id="5aa59720-f663-6ff1-0ec5-51c64b852b5f">
      <Execution id="068c9852-1cc9-4c80-8594-8fcb396e6ad3" />
      <TestMethod codeBase="C:/Exercises/MVC/MVC_1.0/MVC01_TrainingVideo/Commerce.MVC/Commerce.MVC.Tests/bin/Debug/Commerce.MVC.Tests.DLL" adapterTypeName="Microsoft.VisualStudio.TestTools.TestTypes.Unit.UnitTestAdapter, Microsoft.VisualStudio.QualityTools.Tips.UnitTest.Adapter, Version=10.0.0.0, Culture=neutral, PublicKeyToken=b03f5f7f11d50a3a" className="Commerce.MVC.Tests.Controllers.AccountControllerTest, Commerce.MVC.Tests, Version=1.0.0.0, Culture=neutral, PublicKeyToken=null" name="LogOn_Post_ReturnsViewIfModelStateIsInvalid" />
    </UnitTest>
    <UnitTest name="Service_Returns_Single_Product_When_Filtered_ByID_1" storage="c:\exercises\mvc\mvc_1.0\mvc01_trainingvideo\commerce.mvc\commerce.mvc.tests\bin\debug\commerce.mvc.tests.dll" id="ea0df013-1d99-4a2d-8a2e-8ea3ecd54339">
      <Execution id="2619e645-6264-4341-a82f-741d78be432d" />
      <TestMethod codeBase="C:/Exercises/MVC/MVC_1.0/MVC01_TrainingVideo/Commerce.MVC/Commerce.MVC.Tests/bin/Debug/Commerce.MVC.Tests.DLL" adapterTypeName="Microsoft.VisualStudio.TestTools.TestTypes.Unit.UnitTestAdapter, Microsoft.VisualStudio.QualityTools.Tips.UnitTest.Adapter, Version=10.0.0.0, Culture=neutral, PublicKeyToken=b03f5f7f11d50a3a" className="Commerce.MVC.Tests.CatalogTests, Commerce.MVC.Tests, Version=1.0.0.0, Culture=neutral, PublicKeyToken=null" name="Service_Returns_Single_Product_When_Filtered_ByID_1" />
    </UnitTest>
    <UnitTest name="Repository_ProductFilter_Returns_5_Products_Wtih_Category_11" storage="c:\exercises\mvc\mvc_1.0\mvc01_trainingvideo\commerce.mvc\commerce.mvc.tests\bin\debug\commerce.mvc.tests.dll" id="37fc31cd-daa3-d9b9-f32a-811f8af9e708">
      <Execution id="6fd50bfc-4955-47a6-95fc-6dc19ead98d8" />
      <TestMethod codeBase="C:/Exercises/MVC/MVC_1.0/MVC01_TrainingVideo/Commerce.MVC/Commerce.MVC.Tests/bin/Debug/Commerce.MVC.Tests.DLL" adapterTypeName="Microsoft.VisualStudio.TestTools.TestTypes.Unit.UnitTestAdapter, Microsoft.VisualStudio.QualityTools.Tips.UnitTest.Adapter, Version=10.0.0.0, Culture=neutral, PublicKeyToken=b03f5f7f11d50a3a" className="Commerce.MVC.Tests.CatalogTests, Commerce.MVC.Tests, Version=1.0.0.0, Culture=neutral, PublicKeyToken=null" name="Repository_ProductFilter_Returns_5_Products_Wtih_Category_11" />
    </UnitTest>
    <UnitTest name="Repository_has_Category_Filter_For_Products" storage="c:\exercises\mvc\mvc_1.0\mvc01_trainingvideo\commerce.mvc\commerce.mvc.tests\bin\debug\commerce.mvc.tests.dll" id="5b0d6551-0c5f-0335-715b-4eb0c6964c96">
      <Execution id="90189436-cfa8-41e5-9338-1c0ec7600ac4" />
      <TestMethod codeBase="C:/Exercises/MVC/MVC_1.0/MVC01_TrainingVideo/Commerce.MVC/Commerce.MVC.Tests/bin/Debug/Commerce.MVC.Tests.DLL" adapterTypeName="Microsoft.VisualStudio.TestTools.TestTypes.Unit.UnitTestAdapter, Microsoft.VisualStudio.QualityTools.Tips.UnitTest.Adapter, Version=10.0.0.0, Culture=neutral, PublicKeyToken=b03f5f7f11d50a3a" className="Commerce.MVC.Tests.CatalogTests, Commerce.MVC.Tests, Version=1.0.0.0, Culture=neutral, PublicKeyToken=null" name="Repository_has_Category_Filter_For_Products" />
    </UnitTest>
    <UnitTest name="CatalogRespository_Respository_IsNotNull" storage="c:\exercises\mvc\mvc_1.0\mvc01_trainingvideo\commerce.mvc\commerce.mvc.tests\bin\debug\commerce.mvc.tests.dll" id="6c5d5ba2-725f-1add-322c-38f089eff964">
      <Execution id="a1b92cd2-d007-49c7-a5ca-556242255278" />
      <TestMethod codeBase="C:/Exercises/MVC/MVC_1.0/MVC01_TrainingVideo/Commerce.MVC/Commerce.MVC.Tests/bin/Debug/Commerce.MVC.Tests.DLL" adapterTypeName="Microsoft.VisualStudio.TestTools.TestTypes.Unit.UnitTestAdapter, Microsoft.VisualStudio.QualityTools.Tips.UnitTest.Adapter, Version=10.0.0.0, Culture=neutral, PublicKeyToken=b03f5f7f11d50a3a" className="Commerce.MVC.Tests.CatalogTests, Commerce.MVC.Tests, Version=1.0.0.0, Culture=neutral, PublicKeyToken=null" name="CatalogRespository_Respository_IsNotNull" />
    </UnitTest>
    <UnitTest name="CatalogRepository_Contains_Products" storage="c:\exercises\mvc\mvc_1.0\mvc01_trainingvideo\commerce.mvc\commerce.mvc.tests\bin\debug\commerce.mvc.tests.dll" id="8abe6c3c-c866-bd43-9abc-228b0143a4f9">
      <Execution id="79285261-65b8-4a5c-b7f3-52f70638ad11" />
      <TestMethod codeBase="C:/Exercises/MVC/MVC_1.0/MVC01_TrainingVideo/Commerce.MVC/Commerce.MVC.Tests/bin/Debug/Commerce.MVC.Tests.DLL" adapterTypeName="Microsoft.VisualStudio.TestTools.TestTypes.Unit.UnitTestAdapter, Microsoft.VisualStudio.QualityTools.Tips.UnitTest.Adapter, Version=10.0.0.0, Culture=neutral, PublicKeyToken=b03f5f7f11d50a3a" className="Commerce.MVC.Tests.CatalogTests, Commerce.MVC.Tests, Version=1.0.0.0, Culture=neutral, PublicKeyToken=null" name="CatalogRepository_Contains_Products" />
    </UnitTest>
    <UnitTest name="CatalogRepository_Each_Category_Contain_5_Products" storage="c:\exercises\mvc\mvc_1.0\mvc01_trainingvideo\commerce.mvc\commerce.mvc.tests\bin\debug\commerce.mvc.tests.dll" id="9d682666-04c0-4fe7-48d2-3044ecb03f51">
      <Execution id="a7c03811-e7b3-4751-bfbd-623f3c66f7ac" />
      <TestMethod codeBase="C:/Exercises/MVC/MVC_1.0/MVC01_TrainingVideo/Commerce.MVC/Commerce.MVC.Tests/bin/Debug/Commerce.MVC.Tests.DLL" adapterTypeName="Microsoft.VisualStudio.TestTools.TestTypes.Unit.UnitTestAdapter, Microsoft.VisualStudio.QualityTools.Tips.UnitTest.Adapter, Version=10.0.0.0, Culture=neutral, PublicKeyToken=b03f5f7f11d50a3a" className="Commerce.MVC.Tests.CatalogTests, Commerce.MVC.Tests, Version=1.0.0.0, Culture=neutral, PublicKeyToken=null" name="CatalogRepository_Each_Category_Contain_5_Products" />
    </UnitTest>
    <UnitTest name="Index" storage="c:\exercises\mvc\mvc_1.0\mvc01_trainingvideo\commerce.mvc\commerce.mvc.tests\bin\debug\commerce.mvc.tests.dll" id="8a8f61c8-116c-7612-1817-6c67debb8ef2">
      <Execution id="731729e1-14c3-4253-8d90-fa6ce32a24de" />
      <TestMethod codeBase="C:/Exercises/MVC/MVC_1.0/MVC01_TrainingVideo/Commerce.MVC/Commerce.MVC.Tests/bin/Debug/Commerce.MVC.Tests.DLL" adapterTypeName="Microsoft.VisualStudio.TestTools.TestTypes.Unit.UnitTestAdapter, Microsoft.VisualStudio.QualityTools.Tips.UnitTest.Adapter, Version=10.0.0.0, Culture=neutral, PublicKeyToken=b03f5f7f11d50a3a" className="Commerce.MVC.Tests.Controllers.HomeControllerTest, Commerce.MVC.Tests, Version=1.0.0.0, Culture=neutral, PublicKeyToken=null" name="Index" />
    </UnitTest>
    <UnitTest name="Register_Get_ReturnsView" storage="c:\exercises\mvc\mvc_1.0\mvc01_trainingvideo\commerce.mvc\commerce.mvc.tests\bin\debug\commerce.mvc.tests.dll" id="23ce7a93-139a-c985-e675-c3111da8a2dc">
      <Execution id="2ee8733e-1a4d-408b-8466-c7019bf68543" />
      <TestMethod codeBase="C:/Exercises/MVC/MVC_1.0/MVC01_TrainingVideo/Commerce.MVC/Commerce.MVC.Tests/bin/Debug/Commerce.MVC.Tests.DLL" adapterTypeName="Microsoft.VisualStudio.TestTools.TestTypes.Unit.UnitTestAdapter, Microsoft.VisualStudio.QualityTools.Tips.UnitTest.Adapter, Version=10.0.0.0, Culture=neutral, PublicKeyToken=b03f5f7f11d50a3a" className="Commerce.MVC.Tests.Controllers.AccountControllerTest, Commerce.MVC.Tests, Version=1.0.0.0, Culture=neutral, PublicKeyToken=null" name="Register_Get_ReturnsView" />
    </UnitTest>
    <UnitTest name="CatalogService_Can_Group_SubCategories" storage="c:\exercises\mvc\mvc_1.0\mvc01_trainingvideo\commerce.mvc\commerce.mvc.tests\bin\debug\commerce.mvc.tests.dll" id="e8f411e5-c146-f581-aad7-846708ac4f5f">
      <Execution id="c409cdbc-2ed0-428b-94aa-77fea997d2a4" />
      <TestMethod codeBase="C:/Exercises/MVC/MVC_1.0/MVC01_TrainingVideo/Commerce.MVC/Commerce.MVC.Tests/bin/Debug/Commerce.MVC.Tests.DLL" adapterTypeName="Microsoft.VisualStudio.TestTools.TestTypes.Unit.UnitTestAdapter, Microsoft.VisualStudio.QualityTools.Tips.UnitTest.Adapter, Version=10.0.0.0, Culture=neutral, PublicKeyToken=b03f5f7f11d50a3a" className="Commerce.MVC.Tests.CatalogTests, Commerce.MVC.Tests, Version=1.0.0.0, Culture=neutral, PublicKeyToken=null" name="CatalogService_Can_Group_SubCategories" />
    </UnitTest>
    <UnitTest name="Product_ShouldHave_Name_Description_Category_Price_Discount_Fields" storage="c:\exercises\mvc\mvc_1.0\mvc01_trainingvideo\commerce.mvc\commerce.mvc.tests\bin\debug\commerce.mvc.tests.dll" id="980ea060-3f31-def4-4ed9-20ea00bf10a5">
      <Execution id="6e1e0ec6-9e8d-4fc8-aed9-ed68ba377420" />
      <TestMethod codeBase="C:/Exercises/MVC/MVC_1.0/MVC01_TrainingVideo/Commerce.MVC/Commerce.MVC.Tests/bin/Debug/Commerce.MVC.Tests.DLL" adapterTypeName="Microsoft.VisualStudio.TestTools.TestTypes.Unit.UnitTestAdapter, Microsoft.VisualStudio.QualityTools.Tips.UnitTest.Adapter, Version=10.0.0.0, Culture=neutral, PublicKeyToken=b03f5f7f11d50a3a" className="Commerce.MVC.Tests.CatalogTests, Commerce.MVC.Tests, Version=1.0.0.0, Culture=neutral, PublicKeyToken=null" name="Product_ShouldHave_Name_Description_Category_Price_Discount_Fields" />
    </UnitTest>
    <UnitTest name="Product_Discount_Price_Is_Valid" storage="c:\exercises\mvc\mvc_1.0\mvc01_trainingvideo\commerce.mvc\commerce.mvc.tests\bin\debug\commerce.mvc.tests.dll" id="ddd4ab95-5d08-9020-c10a-d161d0d5eae5">
      <Execution id="3e8e708e-21c6-4de8-bd17-05d27a155566" />
      <TestMethod codeBase="C:/Exercises/MVC/MVC_1.0/MVC01_TrainingVideo/Commerce.MVC/Commerce.MVC.Tests/bin/Debug/Commerce.MVC.Tests.DLL" adapterTypeName="Microsoft.VisualStudio.TestTools.TestTypes.Unit.UnitTestAdapter, Microsoft.VisualStudio.QualityTools.Tips.UnitTest.Adapter, Version=10.0.0.0, Culture=neutral, PublicKeyToken=b03f5f7f11d50a3a" className="Commerce.MVC.Tests.CatalogTests, Commerce.MVC.Tests, Version=1.0.0.0, Culture=neutral, PublicKeyToken=null" name="Product_Discount_Price_Is_Valid" />
    </UnitTest>
    <UnitTest name="Register_Post_ReturnsViewIfModelStateIsInvalid" storage="c:\exercises\mvc\mvc_1.0\mvc01_trainingvideo\commerce.mvc\commerce.mvc.tests\bin\debug\commerce.mvc.tests.dll" id="6ee09b6c-2603-885e-43cd-8754809539b5">
      <Execution id="8172451e-5b1e-4d96-8f6b-81c170b94c73" />
      <TestMethod codeBase="C:/Exercises/MVC/MVC_1.0/MVC01_TrainingVideo/Commerce.MVC/Commerce.MVC.Tests/bin/Debug/Commerce.MVC.Tests.DLL" adapterTypeName="Microsoft.VisualStudio.TestTools.TestTypes.Unit.UnitTestAdapter, Microsoft.VisualStudio.QualityTools.Tips.UnitTest.Adapter, Version=10.0.0.0, Culture=neutral, PublicKeyToken=b03f5f7f11d50a3a" className="Commerce.MVC.Tests.Controllers.AccountControllerTest, Commerce.MVC.Tests, Version=1.0.0.0, Culture=neutral, PublicKeyToken=null" name="Register_Post_ReturnsViewIfModelStateIsInvalid" />
    </UnitTest>
    <UnitTest name="Product_Discount_Amount_Is_Valid" storage="c:\exercises\mvc\mvc_1.0\mvc01_trainingvideo\commerce.mvc\commerce.mvc.tests\bin\debug\commerce.mvc.tests.dll" id="554f262a-ed3b-553b-fb57-1213c99f22bd">
      <Execution id="db0566a4-a765-4d90-934f-4d74c639492c" />
      <TestMethod codeBase="C:/Exercises/MVC/MVC_1.0/MVC01_TrainingVideo/Commerce.MVC/Commerce.MVC.Tests/bin/Debug/Commerce.MVC.Tests.DLL" adapterTypeName="Microsoft.VisualStudio.TestTools.TestTypes.Unit.UnitTestAdapter, Microsoft.VisualStudio.QualityTools.Tips.UnitTest.Adapter, Version=10.0.0.0, Culture=neutral, PublicKeyToken=b03f5f7f11d50a3a" className="Commerce.MVC.Tests.CatalogTests, Commerce.MVC.Tests, Version=1.0.0.0, Culture=neutral, PublicKeyToken=null" name="Product_Discount_Amount_Is_Valid" />
    </UnitTest>
    <UnitTest name="About" storage="c:\exercises\mvc\mvc_1.0\mvc01_trainingvideo\commerce.mvc\commerce.mvc.tests\bin\debug\commerce.mvc.tests.dll" id="d384fe9d-a8b0-774d-ea4f-1e6262380876">
      <Execution id="f7e2b26f-e35b-4dd5-a325-6fc17a435efd" />
      <TestMethod codeBase="C:/Exercises/MVC/MVC_1.0/MVC01_TrainingVideo/Commerce.MVC/Commerce.MVC.Tests/bin/Debug/Commerce.MVC.Tests.DLL" adapterTypeName="Microsoft.VisualStudio.TestTools.TestTypes.Unit.UnitTestAdapter, Microsoft.VisualStudio.QualityTools.Tips.UnitTest.Adapter, Version=10.0.0.0, Culture=neutral, PublicKeyToken=b03f5f7f11d50a3a" className="Commerce.MVC.Tests.Controllers.HomeControllerTest, Commerce.MVC.Tests, Version=1.0.0.0, Culture=neutral, PublicKeyToken=null" name="About" />
    </UnitTest>
    <UnitTest name="ChangePassword_Get_ReturnsView" storage="c:\exercises\mvc\mvc_1.0\mvc01_trainingvideo\commerce.mvc\commerce.mvc.tests\bin\debug\commerce.mvc.tests.dll" id="c3a5f0fb-0524-e9ba-5435-1b8b36b686ae">
      <Execution id="d3a25c2a-776e-462b-bde7-2c38f6098153" />
      <TestMethod codeBase="C:/Exercises/MVC/MVC_1.0/MVC01_TrainingVideo/Commerce.MVC/Commerce.MVC.Tests/bin/Debug/Commerce.MVC.Tests.DLL" adapterTypeName="Microsoft.VisualStudio.TestTools.TestTypes.Unit.UnitTestAdapter, Microsoft.VisualStudio.QualityTools.Tips.UnitTest.Adapter, Version=10.0.0.0, Culture=neutral, PublicKeyToken=b03f5f7f11d50a3a" className="Commerce.MVC.Tests.Controllers.AccountControllerTest, Commerce.MVC.Tests, Version=1.0.0.0, Culture=neutral, PublicKeyToken=null" name="ChangePassword_Get_ReturnsView" />
    </UnitTest>
    <UnitTest name="ChangePassword_Post_ReturnsViewIfChangePasswordFails" storage="c:\exercises\mvc\mvc_1.0\mvc01_trainingvideo\commerce.mvc\commerce.mvc.tests\bin\debug\commerce.mvc.tests.dll" id="c1f07888-97bf-96b4-5c14-41bd98741e37">
      <Execution id="53e80dbe-fe59-425d-94dd-cf70a012225a" />
      <TestMethod codeBase="C:/Exercises/MVC/MVC_1.0/MVC01_TrainingVideo/Commerce.MVC/Commerce.MVC.Tests/bin/Debug/Commerce.MVC.Tests.DLL" adapterTypeName="Microsoft.VisualStudio.TestTools.TestTypes.Unit.UnitTestAdapter, Microsoft.VisualStudio.QualityTools.Tips.UnitTest.Adapter, Version=10.0.0.0, Culture=neutral, PublicKeyToken=b03f5f7f11d50a3a" className="Commerce.MVC.Tests.Controllers.AccountControllerTest, Commerce.MVC.Tests, Version=1.0.0.0, Culture=neutral, PublicKeyToken=null" name="ChangePassword_Post_ReturnsViewIfChangePasswordFails" />
    </UnitTest>
    <UnitTest name="LogOn_Post_ReturnsViewIfValidateUserFails" storage="c:\exercises\mvc\mvc_1.0\mvc01_trainingvideo\commerce.mvc\commerce.mvc.tests\bin\debug\commerce.mvc.tests.dll" id="48f77b01-e6cf-0082-3ee2-137c5ebd255a">
      <Execution id="727b6434-d0ce-4e94-9a50-9096675367c1" />
      <TestMethod codeBase="C:/Exercises/MVC/MVC_1.0/MVC01_TrainingVideo/Commerce.MVC/Commerce.MVC.Tests/bin/Debug/Commerce.MVC.Tests.DLL" adapterTypeName="Microsoft.VisualStudio.TestTools.TestTypes.Unit.UnitTestAdapter, Microsoft.VisualStudio.QualityTools.Tips.UnitTest.Adapter, Version=10.0.0.0, Culture=neutral, PublicKeyToken=b03f5f7f11d50a3a" className="Commerce.MVC.Tests.Controllers.AccountControllerTest, Commerce.MVC.Tests, Version=1.0.0.0, Culture=neutral, PublicKeyToken=null" name="LogOn_Post_ReturnsViewIfValidateUserFails" />
    </UnitTest>
    <UnitTest name="CatalogService_Can_Get_Categories_From_Service" storage="c:\exercises\mvc\mvc_1.0\mvc01_trainingvideo\commerce.mvc\commerce.mvc.tests\bin\debug\commerce.mvc.tests.dll" id="afe3af13-837e-1542-131e-bf3718b85b8c">
      <Execution id="2631817d-a1a0-479f-b217-c14db9ec81d1" />
      <TestMethod codeBase="C:/Exercises/MVC/MVC_1.0/MVC01_TrainingVideo/Commerce.MVC/Commerce.MVC.Tests/bin/Debug/Commerce.MVC.Tests.DLL" adapterTypeName="Microsoft.VisualStudio.TestTools.TestTypes.Unit.UnitTestAdapter, Microsoft.VisualStudio.QualityTools.Tips.UnitTest.Adapter, Version=10.0.0.0, Culture=neutral, PublicKeyToken=b03f5f7f11d50a3a" className="Commerce.MVC.Tests.CatalogTests, Commerce.MVC.Tests, Version=1.0.0.0, Culture=neutral, PublicKeyToken=null" name="CatalogService_Can_Get_Categories_From_Service" />
    </UnitTest>
    <UnitTest name="ChangePasswordSuccess_ReturnsView" storage="c:\exercises\mvc\mvc_1.0\mvc01_trainingvideo\commerce.mvc\commerce.mvc.tests\bin\debug\commerce.mvc.tests.dll" id="9d8c13bf-0867-6e82-6f6d-e4b0c8d32193">
      <Execution id="d2864b70-32c0-42cf-8511-55699e841802" />
      <TestMethod codeBase="C:/Exercises/MVC/MVC_1.0/MVC01_TrainingVideo/Commerce.MVC/Commerce.MVC.Tests/bin/Debug/Commerce.MVC.Tests.DLL" adapterTypeName="Microsoft.VisualStudio.TestTools.TestTypes.Unit.UnitTestAdapter, Microsoft.VisualStudio.QualityTools.Tips.UnitTest.Adapter, Version=10.0.0.0, Culture=neutral, PublicKeyToken=b03f5f7f11d50a3a" className="Commerce.MVC.Tests.Controllers.AccountControllerTest, Commerce.MVC.Tests, Version=1.0.0.0, Culture=neutral, PublicKeyToken=null" name="ChangePasswordSuccess_ReturnsView" />
    </UnitTest>
    <UnitTest name="ChangePassword_Post_ReturnsViewIfModelStateIsInvalid" storage="c:\exercises\mvc\mvc_1.0\mvc01_trainingvideo\commerce.mvc\commerce.mvc.tests\bin\debug\commerce.mvc.tests.dll" id="a3dbe461-79c3-d0bb-28a2-46b2a457ecbc">
      <Execution id="107d7cdd-db11-4d85-9647-e7b55e0ff10d" />
      <TestMethod codeBase="C:/Exercises/MVC/MVC_1.0/MVC01_TrainingVideo/Commerce.MVC/Commerce.MVC.Tests/bin/Debug/Commerce.MVC.Tests.DLL" adapterTypeName="Microsoft.VisualStudio.TestTools.TestTypes.Unit.UnitTestAdapter, Microsoft.VisualStudio.QualityTools.Tips.UnitTest.Adapter, Version=10.0.0.0, Culture=neutral, PublicKeyToken=b03f5f7f11d50a3a" className="Commerce.MVC.Tests.Controllers.AccountControllerTest, Commerce.MVC.Tests, Version=1.0.0.0, Culture=neutral, PublicKeyToken=null" name="ChangePassword_Post_ReturnsViewIfModelStateIsInvalid" />
    </UnitTest>
    <UnitTest name="CatalogService_Returns_5_Products_Wtih_Category_11" storage="c:\exercises\mvc\mvc_1.0\mvc01_trainingvideo\commerce.mvc\commerce.mvc.tests\bin\debug\commerce.mvc.tests.dll" id="9a40eff0-e98c-4b50-9f1d-e4958d92a7f0">
      <Execution id="6a855ead-1aa2-4127-9e20-3330747bde93" />
      <TestMethod codeBase="C:/Exercises/MVC/MVC_1.0/MVC01_TrainingVideo/Commerce.MVC/Commerce.MVC.Tests/bin/Debug/Commerce.MVC.Tests.DLL" adapterTypeName="Microsoft.VisualStudio.TestTools.TestTypes.Unit.UnitTestAdapter, Microsoft.VisualStudio.QualityTools.Tips.UnitTest.Adapter, Version=10.0.0.0, Culture=neutral, PublicKeyToken=b03f5f7f11d50a3a" className="Commerce.MVC.Tests.CatalogTests, Commerce.MVC.Tests, Version=1.0.0.0, Culture=neutral, PublicKeyToken=null" name="CatalogService_Returns_5_Products_Wtih_Category_11" />
    </UnitTest>
    <UnitTest name="LogOff_LogsOutAndRedirects" storage="c:\exercises\mvc\mvc_1.0\mvc01_trainingvideo\commerce.mvc\commerce.mvc.tests\bin\debug\commerce.mvc.tests.dll" id="6ba9f56c-02c2-f47d-8c0d-98c88b5aebf4">
      <Execution id="3d653ccd-1744-4161-a129-7e5f7adbad0c" />
      <TestMethod codeBase="C:/Exercises/MVC/MVC_1.0/MVC01_TrainingVideo/Commerce.MVC/Commerce.MVC.Tests/bin/Debug/Commerce.MVC.Tests.DLL" adapterTypeName="Microsoft.VisualStudio.TestTools.TestTypes.Unit.UnitTestAdapter, Microsoft.VisualStudio.QualityTools.Tips.UnitTest.Adapter, Version=10.0.0.0, Culture=neutral, PublicKeyToken=b03f5f7f11d50a3a" className="Commerce.MVC.Tests.Controllers.AccountControllerTest, Commerce.MVC.Tests, Version=1.0.0.0, Culture=neutral, PublicKeyToken=null" name="LogOff_LogsOutAndRedirects" />
    </UnitTest>
  </TestDefinitions>
  <TestLists>
    <TestList name="Results Not in a List" id="8c84fa94-04c1-424b-9868-57a2d4851a1d" />
    <TestList name="All Loaded Results" id="19431567-8539-422a-85d7-44ee4e166bda" />
  </TestLists>
  <TestEntries>
    <TestEntry testId="1f0b25a7-09ff-1f7e-fd8a-049c06c424f3" executionId="33ad501b-4fe8-4688-a98a-a69a1a3db5cb" testListId="8c84fa94-04c1-424b-9868-57a2d4851a1d" />
    <TestEntry testId="23ce7a93-139a-c985-e675-c3111da8a2dc" executionId="2ee8733e-1a4d-408b-8466-c7019bf68543" testListId="8c84fa94-04c1-424b-9868-57a2d4851a1d" />
    <TestEntry testId="37fc31cd-daa3-d9b9-f32a-811f8af9e708" executionId="6fd50bfc-4955-47a6-95fc-6dc19ead98d8" testListId="8c84fa94-04c1-424b-9868-57a2d4851a1d" />
    <TestEntry testId="4027e48d-36d2-cdbb-23cd-9ef9c383eb3f" executionId="795e8e05-660b-44e6-b4b4-7a55b9fcac76" testListId="8c84fa94-04c1-424b-9868-57a2d4851a1d" />
    <TestEntry testId="48f77b01-e6cf-0082-3ee2-137c5ebd255a" executionId="727b6434-d0ce-4e94-9a50-9096675367c1" testListId="8c84fa94-04c1-424b-9868-57a2d4851a1d" />
    <TestEntry testId="554f262a-ed3b-553b-fb57-1213c99f22bd" executionId="db0566a4-a765-4d90-934f-4d74c639492c" testListId="8c84fa94-04c1-424b-9868-57a2d4851a1d" />
    <TestEntry testId="5aa59720-f663-6ff1-0ec5-51c64b852b5f" executionId="068c9852-1cc9-4c80-8594-8fcb396e6ad3" testListId="8c84fa94-04c1-424b-9868-57a2d4851a1d" />
    <TestEntry testId="5b0d6551-0c5f-0335-715b-4eb0c6964c96" executionId="90189436-cfa8-41e5-9338-1c0ec7600ac4" testListId="8c84fa94-04c1-424b-9868-57a2d4851a1d" />
    <TestEntry testId="6ba9f56c-02c2-f47d-8c0d-98c88b5aebf4" executionId="3d653ccd-1744-4161-a129-7e5f7adbad0c" testListId="8c84fa94-04c1-424b-9868-57a2d4851a1d" />
    <TestEntry testId="6c5d5ba2-725f-1add-322c-38f089eff964" executionId="a1b92cd2-d007-49c7-a5ca-556242255278" testListId="8c84fa94-04c1-424b-9868-57a2d4851a1d" />
    <TestEntry testId="6ee09b6c-2603-885e-43cd-8754809539b5" executionId="8172451e-5b1e-4d96-8f6b-81c170b94c73" testListId="8c84fa94-04c1-424b-9868-57a2d4851a1d" />
    <TestEntry testId="8a8f61c8-116c-7612-1817-6c67debb8ef2" executionId="731729e1-14c3-4253-8d90-fa6ce32a24de" testListId="8c84fa94-04c1-424b-9868-57a2d4851a1d" />
    <TestEntry testId="8abe6c3c-c866-bd43-9abc-228b0143a4f9" executionId="79285261-65b8-4a5c-b7f3-52f70638ad11" testListId="8c84fa94-04c1-424b-9868-57a2d4851a1d" />
    <TestEntry testId="8d1b1feb-a745-4234-a6d1-a381af55cac9" executionId="25a3b11b-3094-47a2-a1b8-ab4b870d8de1" testListId="8c84fa94-04c1-424b-9868-57a2d4851a1d" />
    <TestEntry testId="980ea060-3f31-def4-4ed9-20ea00bf10a5" executionId="6e1e0ec6-9e8d-4fc8-aed9-ed68ba377420" testListId="8c84fa94-04c1-424b-9868-57a2d4851a1d" />
    <TestEntry testId="9a40eff0-e98c-4b50-9f1d-e4958d92a7f0" executionId="6a855ead-1aa2-4127-9e20-3330747bde93" testListId="8c84fa94-04c1-424b-9868-57a2d4851a1d" />
    <TestEntry testId="9d682666-04c0-4fe7-48d2-3044ecb03f51" executionId="a7c03811-e7b3-4751-bfbd-623f3c66f7ac" testListId="8c84fa94-04c1-424b-9868-57a2d4851a1d" />
    <TestEntry testId="9d8c13bf-0867-6e82-6f6d-e4b0c8d32193" executionId="d2864b70-32c0-42cf-8511-55699e841802" testListId="8c84fa94-04c1-424b-9868-57a2d4851a1d" />
    <TestEntry testId="a3dbe461-79c3-d0bb-28a2-46b2a457ecbc" executionId="107d7cdd-db11-4d85-9647-e7b55e0ff10d" testListId="8c84fa94-04c1-424b-9868-57a2d4851a1d" />
    <TestEntry testId="a573b03e-4e26-3945-cb27-b25aec903969" executionId="e53d9a93-b75a-47e1-8727-723464940c09" testListId="8c84fa94-04c1-424b-9868-57a2d4851a1d" />
    <TestEntry testId="afe3af13-837e-1542-131e-bf3718b85b8c" executionId="2631817d-a1a0-479f-b217-c14db9ec81d1" testListId="8c84fa94-04c1-424b-9868-57a2d4851a1d" />
    <TestEntry testId="b20d3daf-9915-d9d3-9e0a-31bb698ea9b3" executionId="6f056b4c-c4f5-42f0-a11a-0a6b0aee6f06" testListId="8c84fa94-04c1-424b-9868-57a2d4851a1d" />
    <TestEntry testId="b3a164be-57e7-9368-3776-0fce21c64e54" executionId="916193dc-c8a9-411e-a6b8-b62597937f6c" testListId="8c84fa94-04c1-424b-9868-57a2d4851a1d" />
    <TestEntry testId="c1f07888-97bf-96b4-5c14-41bd98741e37" executionId="53e80dbe-fe59-425d-94dd-cf70a012225a" testListId="8c84fa94-04c1-424b-9868-57a2d4851a1d" />
    <TestEntry testId="c3a5f0fb-0524-e9ba-5435-1b8b36b686ae" executionId="d3a25c2a-776e-462b-bde7-2c38f6098153" testListId="8c84fa94-04c1-424b-9868-57a2d4851a1d" />
    <TestEntry testId="d384fe9d-a8b0-774d-ea4f-1e6262380876" executionId="f7e2b26f-e35b-4dd5-a325-6fc17a435efd" testListId="8c84fa94-04c1-424b-9868-57a2d4851a1d" />
    <TestEntry testId="d7103425-9b95-5cdc-5f69-73dcd39e6ba3" executionId="f69125ea-5edb-4142-b1ef-21adfa573132" testListId="8c84fa94-04c1-424b-9868-57a2d4851a1d" />
    <TestEntry testId="ddd4ab95-5d08-9020-c10a-d161d0d5eae5" executionId="3e8e708e-21c6-4de8-bd17-05d27a155566" testListId="8c84fa94-04c1-424b-9868-57a2d4851a1d" />
    <TestEntry testId="e7e81652-627a-a728-3b65-3dc87a0c628f" executionId="92eff4f5-fd86-483f-934f-a268aae41c34" testListId="8c84fa94-04c1-424b-9868-57a2d4851a1d" />
    <TestEntry testId="e8f411e5-c146-f581-aad7-846708ac4f5f" executionId="c409cdbc-2ed0-428b-94aa-77fea997d2a4" testListId="8c84fa94-04c1-424b-9868-57a2d4851a1d" />
    <TestEntry testId="ea0df013-1d99-4a2d-8a2e-8ea3ecd54339" executionId="2619e645-6264-4341-a82f-741d78be432d" testListId="8c84fa94-04c1-424b-9868-57a2d4851a1d" />
  </TestEntries>
  <Results>
    <UnitTestResult executionId="33ad501b-4fe8-4688-a98a-a69a1a3db5cb" testId="1f0b25a7-09ff-1f7e-fd8a-049c06c424f3" testName="Repository_Returns_Single_Product_When_Filtered_ByID_1" computerName="TEGRIT0048" duration="00:00:00.0213977" startTime="2015-05-19T17:10:36.3095855-04:00" endTime="2015-05-19T17:10:37.3715855-04:00" testType="13cdc9d9-ddb5-4fa4-a97d-d965ccfc6d4b" outcome="Passed" testListId="8c84fa94-04c1-424b-9868-57a2d4851a1d" relativeResultsDirectory="33ad501b-4fe8-4688-a98a-a69a1a3db5cb">
    </UnitTestResult>
    <UnitTestResult executionId="2ee8733e-1a4d-408b-8466-c7019bf68543" testId="23ce7a93-139a-c985-e675-c3111da8a2dc" testName="Register_Get_ReturnsView" computerName="TEGRIT0048" duration="00:00:00.0162300" startTime="2015-05-19T17:10:37.3765855-04:00" endTime="2015-05-19T17:10:37.3955855-04:00" testType="13cdc9d9-ddb5-4fa4-a97d-d965ccfc6d4b" outcome="Passed" testListId="8c84fa94-04c1-424b-9868-57a2d4851a1d" relativeResultsDirectory="2ee8733e-1a4d-408b-8466-c7019bf68543">
    </UnitTestResult>
    <UnitTestResult executionId="6fd50bfc-4955-47a6-95fc-6dc19ead98d8" testId="37fc31cd-daa3-d9b9-f32a-811f8af9e708" testName="Repository_ProductFilter_Returns_5_Products_Wtih_Category_11" computerName="TEGRIT0048" duration="00:00:04.9408005" startTime="2015-05-19T17:10:37.4065855-04:00" endTime="2015-05-19T17:10:42.3515855-04:00" testType="13cdc9d9-ddb5-4fa4-a97d-d965ccfc6d4b" outcome="Failed" testListId="8c84fa94-04c1-424b-9868-57a2d4851a1d" relativeResultsDirectory="6fd50bfc-4955-47a6-95fc-6dc19ead98d8">
      <Output>
        <ErrorInfo>
          <Message>Assert.AreEqual failed. Expected:&lt;5&gt;. Actual:&lt;10&gt;. </Message>
          <StackTrace>   at Commerce.MVC.Tests.CatalogTests.Repository_ProductFilter_Returns_5_Products_Wtih_Category_11() in C:\Exercises\MVC\MVC_1.0\MVC01_TrainingVideo\Commerce.MVC\Commerce.MVC.Tests\CatalogTests.cs:line 119
</StackTrace>
        </ErrorInfo>
      </Output>
    </UnitTestResult>
    <UnitTestResult executionId="795e8e05-660b-44e6-b4b4-7a55b9fcac76" testId="4027e48d-36d2-cdbb-23cd-9ef9c383eb3f" testName="CatalogService_Can_Group_ParentCategories" computerName="TEGRIT0048" duration="00:00:00.0008857" startTime="2015-05-19T17:10:42.3695855-04:00" endTime="2015-05-19T17:10:42.3735855-04:00" testType="13cdc9d9-ddb5-4fa4-a97d-d965ccfc6d4b" outcome="Passed" testListId="8c84fa94-04c1-424b-9868-57a2d4851a1d" relativeResultsDirectory="795e8e05-660b-44e6-b4b4-7a55b9fcac76">
    </UnitTestResult>
    <UnitTestResult executionId="727b6434-d0ce-4e94-9a50-9096675367c1" testId="48f77b01-e6cf-0082-3ee2-137c5ebd255a" testName="LogOn_Post_ReturnsViewIfValidateUserFails" computerName="TEGRIT0048" duration="00:00:00.0024803" startTime="2015-05-19T17:10:42.3855855-04:00" endTime="2015-05-19T17:10:42.3905855-04:00" testType="13cdc9d9-ddb5-4fa4-a97d-d965ccfc6d4b" outcome="Passed" testListId="8c84fa94-04c1-424b-9868-57a2d4851a1d" relativeResultsDirectory="727b6434-d0ce-4e94-9a50-9096675367c1">
    </UnitTestResult>
    <UnitTestResult executionId="db0566a4-a765-4d90-934f-4d74c639492c" testId="554f262a-ed3b-553b-fb57-1213c99f22bd" testName="Product_Discount_Amount_Is_Valid" computerName="TEGRIT0048" duration="00:00:00.0011212" startTime="2015-05-19T17:10:42.3995855-04:00" endTime="2015-05-19T17:10:42.4025855-04:00" testType="13cdc9d9-ddb5-4fa4-a97d-d965ccfc6d4b" outcome="Passed" testListId="8c84fa94-04c1-424b-9868-57a2d4851a1d" relativeResultsDirectory="db0566a4-a765-4d90-934f-4d74c639492c">
    </UnitTestResult>
    <UnitTestResult executionId="068c9852-1cc9-4c80-8594-8fcb396e6ad3" testId="5aa59720-f663-6ff1-0ec5-51c64b852b5f" testName="LogOn_Post_ReturnsViewIfModelStateIsInvalid" computerName="TEGRIT0048" duration="00:00:00.0003036" startTime="2015-05-19T17:10:42.4075855-04:00" endTime="2015-05-19T17:10:42.4095855-04:00" testType="13cdc9d9-ddb5-4fa4-a97d-d965ccfc6d4b" outcome="Passed" testListId="8c84fa94-04c1-424b-9868-57a2d4851a1d" relativeResultsDirectory="068c9852-1cc9-4c80-8594-8fcb396e6ad3">
    </UnitTestResult>
    <UnitTestResult executionId="90189436-cfa8-41e5-9338-1c0ec7600ac4" testId="5b0d6551-0c5f-0335-715b-4eb0c6964c96" testName="Repository_has_Category_Filter_For_Products" computerName="TEGRIT0048" duration="00:00:00.0012048" startTime="2015-05-19T17:10:42.4205855-04:00" endTime="2015-05-19T17:10:42.4275855-04:00" testType="13cdc9d9-ddb5-4fa4-a97d-d965ccfc6d4b" outcome="Passed" testListId="8c84fa94-04c1-424b-9868-57a2d4851a1d" relativeResultsDirectory="90189436-cfa8-41e5-9338-1c0ec7600ac4">
    </UnitTestResult>
    <UnitTestResult executionId="3d653ccd-1744-4161-a129-7e5f7adbad0c" testId="6ba9f56c-02c2-f47d-8c0d-98c88b5aebf4" testName="LogOff_LogsOutAndRedirects" computerName="TEGRIT0048" duration="00:00:00.0012056" startTime="2015-05-19T17:10:42.4445855-04:00" endTime="2015-05-19T17:10:42.4475855-04:00" testType="13cdc9d9-ddb5-4fa4-a97d-d965ccfc6d4b" outcome="Passed" testListId="8c84fa94-04c1-424b-9868-57a2d4851a1d" relativeResultsDirectory="3d653ccd-1744-4161-a129-7e5f7adbad0c">
    </UnitTestResult>
    <UnitTestResult executionId="a1b92cd2-d007-49c7-a5ca-556242255278" testId="6c5d5ba2-725f-1add-322c-38f089eff964" testName="CatalogRespository_Respository_IsNotNull" computerName="TEGRIT0048" duration="00:00:00.0001456" startTime="2015-05-19T17:10:42.4515855-04:00" endTime="2015-05-19T17:10:42.4555855-04:00" testType="13cdc9d9-ddb5-4fa4-a97d-d965ccfc6d4b" outcome="Passed" testListId="8c84fa94-04c1-424b-9868-57a2d4851a1d" relativeResultsDirectory="a1b92cd2-d007-49c7-a5ca-556242255278">
    </UnitTestResult>
    <UnitTestResult executionId="8172451e-5b1e-4d96-8f6b-81c170b94c73" testId="6ee09b6c-2603-885e-43cd-8754809539b5" testName="Register_Post_ReturnsViewIfModelStateIsInvalid" computerName="TEGRIT0048" duration="00:00:00.0008581" startTime="2015-05-19T17:10:42.4605855-04:00" endTime="2015-05-19T17:10:42.4625855-04:00" testType="13cdc9d9-ddb5-4fa4-a97d-d965ccfc6d4b" outcome="Passed" testListId="8c84fa94-04c1-424b-9868-57a2d4851a1d" relativeResultsDirectory="8172451e-5b1e-4d96-8f6b-81c170b94c73">
    </UnitTestResult>
    <UnitTestResult executionId="731729e1-14c3-4253-8d90-fa6ce32a24de" testId="8a8f61c8-116c-7612-1817-6c67debb8ef2" testName="Index" computerName="TEGRIT0048" duration="00:00:00.0004236" startTime="2015-05-19T17:10:42.4695855-04:00" endTime="2015-05-19T17:10:42.4725855-04:00" testType="13cdc9d9-ddb5-4fa4-a97d-d965ccfc6d4b" outcome="Passed" testListId="8c84fa94-04c1-424b-9868-57a2d4851a1d" relativeResultsDirectory="731729e1-14c3-4253-8d90-fa6ce32a24de">
    </UnitTestResult>
    <UnitTestResult executionId="79285261-65b8-4a5c-b7f3-52f70638ad11" testId="8abe6c3c-c866-bd43-9abc-228b0143a4f9" testName="CatalogRepository_Contains_Products" computerName="TEGRIT0048" duration="00:00:00.0008085" startTime="2015-05-19T17:10:42.4765855-04:00" endTime="2015-05-19T17:10:42.4795855-04:00" testType="13cdc9d9-ddb5-4fa4-a97d-d965ccfc6d4b" outcome="Passed" testListId="8c84fa94-04c1-424b-9868-57a2d4851a1d" relativeResultsDirectory="79285261-65b8-4a5c-b7f3-52f70638ad11">
    </UnitTestResult>
    <UnitTestResult executionId="25a3b11b-3094-47a2-a1b8-ab4b870d8de1" testId="8d1b1feb-a745-4234-a6d1-a381af55cac9" testName="LogOn_Get_ReturnsView" computerName="TEGRIT0048" duration="00:00:00.0002209" startTime="2015-05-19T17:10:42.4905855-04:00" endTime="2015-05-19T17:10:42.4925855-04:00" testType="13cdc9d9-ddb5-4fa4-a97d-d965ccfc6d4b" outcome="Passed" testListId="8c84fa94-04c1-424b-9868-57a2d4851a1d" relativeResultsDirectory="25a3b11b-3094-47a2-a1b8-ab4b870d8de1">
    </UnitTestResult>
    <UnitTestResult executionId="6e1e0ec6-9e8d-4fc8-aed9-ed68ba377420" testId="980ea060-3f31-def4-4ed9-20ea00bf10a5" testName="Product_ShouldHave_Name_Description_Category_Price_Discount_Fields" computerName="TEGRIT0048" duration="00:00:00.0004749" startTime="2015-05-19T17:10:42.4985855-04:00" endTime="2015-05-19T17:10:42.5025855-04:00" testType="13cdc9d9-ddb5-4fa4-a97d-d965ccfc6d4b" outcome="Passed" testListId="8c84fa94-04c1-424b-9868-57a2d4851a1d" relativeResultsDirectory="6e1e0ec6-9e8d-4fc8-aed9-ed68ba377420">
    </UnitTestResult>
    <UnitTestResult executionId="6a855ead-1aa2-4127-9e20-3330747bde93" testId="9a40eff0-e98c-4b50-9f1d-e4958d92a7f0" testName="CatalogService_Returns_5_Products_Wtih_Category_11" computerName="TEGRIT0048" duration="00:00:00.9045233" startTime="2015-05-19T17:10:42.5115855-04:00" endTime="2015-05-19T17:10:43.4185855-04:00" testType="13cdc9d9-ddb5-4fa4-a97d-d965ccfc6d4b" outcome="Failed" testListId="8c84fa94-04c1-424b-9868-57a2d4851a1d" relativeResultsDirectory="6a855ead-1aa2-4127-9e20-3330747bde93">
      <Output>
        <ErrorInfo>
          <Message>Assert.AreEqual failed. Expected:&lt;5&gt;. Actual:&lt;10&gt;. </Message>
          <StackTrace>   at Commerce.MVC.Tests.CatalogTests.CatalogService_Returns_5_Products_Wtih_Category_11() in C:\Exercises\MVC\MVC_1.0\MVC01_TrainingVideo\Commerce.MVC\Commerce.MVC.Tests\CatalogTests.cs:line 126
</StackTrace>
        </ErrorInfo>
      </Output>
    </UnitTestResult>
    <UnitTestResult executionId="a7c03811-e7b3-4751-bfbd-623f3c66f7ac" testId="9d682666-04c0-4fe7-48d2-3044ecb03f51" testName="CatalogRepository_Each_Category_Contain_5_Products" computerName="TEGRIT0048" duration="00:00:00.4383843" startTime="2015-05-19T17:10:43.4425855-04:00" endTime="2015-05-19T17:10:43.8845855-04:00" testType="13cdc9d9-ddb5-4fa4-a97d-d965ccfc6d4b" outcome="Failed" testListId="8c84fa94-04c1-424b-9868-57a2d4851a1d" relativeResultsDirectory="a7c03811-e7b3-4751-bfbd-623f3c66f7ac">
      <Output>
        <ErrorInfo>
          <Message>Assert.AreEqual failed. Expected:&lt;5&gt;. Actual:&lt;10&gt;. </Message>
          <StackTrace>   at Commerce.MVC.Tests.CatalogTests.CatalogRepository_Each_Category_Contain_5_Products() in C:\Exercises\MVC\MVC_1.0\MVC01_TrainingVideo\Commerce.MVC\Commerce.MVC.Tests\CatalogTests.cs:line 101
</StackTrace>
        </ErrorInfo>
      </Output>
    </UnitTestResult>
    <UnitTestResult executionId="d2864b70-32c0-42cf-8511-55699e841802" testId="9d8c13bf-0867-6e82-6f6d-e4b0c8d32193" testName="ChangePasswordSuccess_ReturnsView" computerName="TEGRIT0048" duration="00:00:00.0002822" startTime="2015-05-19T17:10:43.8935855-04:00" endTime="2015-05-19T17:10:43.8975855-04:00" testType="13cdc9d9-ddb5-4fa4-a97d-d965ccfc6d4b" outcome="Passed" testListId="8c84fa94-04c1-424b-9868-57a2d4851a1d" relativeResultsDirectory="d2864b70-32c0-42cf-8511-55699e841802">
    </UnitTestResult>
    <UnitTestResult executionId="107d7cdd-db11-4d85-9647-e7b55e0ff10d" testId="a3dbe461-79c3-d0bb-28a2-46b2a457ecbc" testName="ChangePassword_Post_ReturnsViewIfModelStateIsInvalid" computerName="TEGRIT0048" duration="00:00:00.0008458" startTime="2015-05-19T17:10:43.9035855-04:00" endTime="2015-05-19T17:10:43.9065855-04:00" testType="13cdc9d9-ddb5-4fa4-a97d-d965ccfc6d4b" outcome="Passed" testListId="8c84fa94-04c1-424b-9868-57a2d4851a1d" relativeResultsDirectory="107d7cdd-db11-4d85-9647-e7b55e0ff10d">
    </UnitTestResult>
    <UnitTestResult executionId="e53d9a93-b75a-47e1-8727-723464940c09" testId="a573b03e-4e26-3945-cb27-b25aec903969" testName="ChangePassword_Post_ReturnsRedirectOnSuccess" computerName="TEGRIT0048" duration="00:00:00.0058698" startTime="2015-05-19T17:10:43.9155855-04:00" endTime="2015-05-19T17:10:43.9245855-04:00" testType="13cdc9d9-ddb5-4fa4-a97d-d965ccfc6d4b" outcome="Passed" testListId="8c84fa94-04c1-424b-9868-57a2d4851a1d" relativeResultsDirectory="e53d9a93-b75a-47e1-8727-723464940c09">
    </UnitTestResult>
    <UnitTestResult executionId="2631817d-a1a0-479f-b217-c14db9ec81d1" testId="afe3af13-837e-1542-131e-bf3718b85b8c" testName="CatalogService_Can_Get_Categories_From_Service" computerName="TEGRIT0048" duration="00:00:00.0001525" startTime="2015-05-19T17:10:43.9345855-04:00" endTime="2015-05-19T17:10:43.9365855-04:00" testType="13cdc9d9-ddb5-4fa4-a97d-d965ccfc6d4b" outcome="Passed" testListId="8c84fa94-04c1-424b-9868-57a2d4851a1d" relativeResultsDirectory="2631817d-a1a0-479f-b217-c14db9ec81d1">
    </UnitTestResult>
    <UnitTestResult executionId="6f056b4c-c4f5-42f0-a11a-0a6b0aee6f06" testId="b20d3daf-9915-d9d3-9e0a-31bb698ea9b3" testName="LogOn_Post_ReturnsRedirectOnSuccess_WithReturnUrl" computerName="TEGRIT0048" duration="00:00:00.0009066" startTime="2015-05-19T17:10:43.9495855-04:00" endTime="2015-05-19T17:10:43.9525855-04:00" testType="13cdc9d9-ddb5-4fa4-a97d-d965ccfc6d4b" outcome="Passed" testListId="8c84fa94-04c1-424b-9868-57a2d4851a1d" relativeResultsDirectory="6f056b4c-c4f5-42f0-a11a-0a6b0aee6f06">
    </UnitTestResult>
    <UnitTestResult executionId="916193dc-c8a9-411e-a6b8-b62597937f6c" testId="b3a164be-57e7-9368-3776-0fce21c64e54" testName="LogOn_Post_ReturnsRedirectOnSuccess_WithoutReturnUrl" computerName="TEGRIT0048" duration="00:00:00.0002543" startTime="2015-05-19T17:10:43.9575855-04:00" endTime="2015-05-19T17:10:43.9595855-04:00" testType="13cdc9d9-ddb5-4fa4-a97d-d965ccfc6d4b" outcome="Passed" testListId="8c84fa94-04c1-424b-9868-57a2d4851a1d" relativeResultsDirectory="916193dc-c8a9-411e-a6b8-b62597937f6c">
    </UnitTestResult>
    <UnitTestResult executionId="53e80dbe-fe59-425d-94dd-cf70a012225a" testId="c1f07888-97bf-96b4-5c14-41bd98741e37" testName="ChangePassword_Post_ReturnsViewIfChangePasswordFails" computerName="TEGRIT0048" duration="00:00:00.0003067" startTime="2015-05-19T17:10:43.9655855-04:00" endTime="2015-05-19T17:10:43.9685855-04:00" testType="13cdc9d9-ddb5-4fa4-a97d-d965ccfc6d4b" outcome="Passed" testListId="8c84fa94-04c1-424b-9868-57a2d4851a1d" relativeResultsDirectory="53e80dbe-fe59-425d-94dd-cf70a012225a">
    </UnitTestResult>
    <UnitTestResult executionId="d3a25c2a-776e-462b-bde7-2c38f6098153" testId="c3a5f0fb-0524-e9ba-5435-1b8b36b686ae" testName="ChangePassword_Get_ReturnsView" computerName="TEGRIT0048" duration="00:00:00.0002848" startTime="2015-05-19T17:10:43.9715855-04:00" endTime="2015-05-19T17:10:43.9745855-04:00" testType="13cdc9d9-ddb5-4fa4-a97d-d965ccfc6d4b" outcome="Passed" testListId="8c84fa94-04c1-424b-9868-57a2d4851a1d" relativeResultsDirectory="d3a25c2a-776e-462b-bde7-2c38f6098153">
    </UnitTestResult>
    <UnitTestResult executionId="f7e2b26f-e35b-4dd5-a325-6fc17a435efd" testId="d384fe9d-a8b0-774d-ea4f-1e6262380876" testName="About" computerName="TEGRIT0048" duration="00:00:00.0001967" startTime="2015-05-19T17:10:43.9785855-04:00" endTime="2015-05-19T17:10:43.9805855-04:00" testType="13cdc9d9-ddb5-4fa4-a97d-d965ccfc6d4b" outcome="Passed" testListId="8c84fa94-04c1-424b-9868-57a2d4851a1d" relativeResultsDirectory="f7e2b26f-e35b-4dd5-a325-6fc17a435efd">
    </UnitTestResult>
    <UnitTestResult executionId="f69125ea-5edb-4142-b1ef-21adfa573132" testId="d7103425-9b95-5cdc-5f69-73dcd39e6ba3" testName="Register_Post_ReturnsRedirectOnSuccess" computerName="TEGRIT0048" duration="00:00:00.0005111" startTime="2015-05-19T17:10:43.9855855-04:00" endTime="2015-05-19T17:10:43.9875855-04:00" testType="13cdc9d9-ddb5-4fa4-a97d-d965ccfc6d4b" outcome="Passed" testListId="8c84fa94-04c1-424b-9868-57a2d4851a1d" relativeResultsDirectory="f69125ea-5edb-4142-b1ef-21adfa573132">
    </UnitTestResult>
    <UnitTestResult executionId="3e8e708e-21c6-4de8-bd17-05d27a155566" testId="ddd4ab95-5d08-9020-c10a-d161d0d5eae5" testName="Product_Discount_Price_Is_Valid" computerName="TEGRIT0048" duration="00:00:00.0002685" startTime="2015-05-19T17:10:43.9915855-04:00" endTime="2015-05-19T17:10:43.9935855-04:00" testType="13cdc9d9-ddb5-4fa4-a97d-d965ccfc6d4b" outcome="Passed" testListId="8c84fa94-04c1-424b-9868-57a2d4851a1d" relativeResultsDirectory="3e8e708e-21c6-4de8-bd17-05d27a155566">
    </UnitTestResult>
    <UnitTestResult executionId="92eff4f5-fd86-483f-934f-a268aae41c34" testId="e7e81652-627a-a728-3b65-3dc87a0c628f" testName="Register_Post_ReturnsViewIfRegistrationFails" computerName="TEGRIT0048" duration="00:00:00.0003951" startTime="2015-05-19T17:10:43.9985855-04:00" endTime="2015-05-19T17:10:44.0015855-04:00" testType="13cdc9d9-ddb5-4fa4-a97d-d965ccfc6d4b" outcome="Passed" testListId="8c84fa94-04c1-424b-9868-57a2d4851a1d" relativeResultsDirectory="92eff4f5-fd86-483f-934f-a268aae41c34">
    </UnitTestResult>
    <UnitTestResult executionId="c409cdbc-2ed0-428b-94aa-77fea997d2a4" testId="e8f411e5-c146-f581-aad7-846708ac4f5f" testName="CatalogService_Can_Group_SubCategories" computerName="TEGRIT0048" duration="00:00:00.0002431" startTime="2015-05-19T17:10:44.0045855-04:00" endTime="2015-05-19T17:10:44.0075855-04:00" testType="13cdc9d9-ddb5-4fa4-a97d-d965ccfc6d4b" outcome="Passed" testListId="8c84fa94-04c1-424b-9868-57a2d4851a1d" relativeResultsDirectory="c409cdbc-2ed0-428b-94aa-77fea997d2a4">
    </UnitTestResult>
    <UnitTestResult executionId="2619e645-6264-4341-a82f-741d78be432d" testId="ea0df013-1d99-4a2d-8a2e-8ea3ecd54339" testName="Service_Returns_Single_Product_When_Filtered_ByID_1" computerName="TEGRIT0048" duration="00:00:00.9416310" startTime="2015-05-19T17:10:44.0105855-04:00" endTime="2015-05-19T17:10:44.9545855-04:00" testType="13cdc9d9-ddb5-4fa4-a97d-d965ccfc6d4b" outcome="Failed" testListId="8c84fa94-04c1-424b-9868-57a2d4851a1d" relativeResultsDirectory="2619e645-6264-4341-a82f-741d78be432d">
      <Output>
        <ErrorInfo>
          <Message>Test method Commerce.MVC.Tests.CatalogTests.Service_Returns_Single_Product_When_Filtered_ByID_1 threw exception: 
System.NotImplementedException: The method or operation is not implemented.</Message>
          <StackTrace>    at Commerce.MVC.Services.CatalogServices.GetProductsByID(Int32 id) in C:\Exercises\MVC\MVC_1.0\MVC01_TrainingVideo\Commerce.MVC\ClassLibrary1\CatalogServices.cs:line 44
   at Commerce.MVC.Tests.CatalogTests.Service_Returns_Single_Product_When_Filtered_ByID_1() in C:\Exercises\MVC\MVC_1.0\MVC01_TrainingVideo\Commerce.MVC\Commerce.MVC.Tests\CatalogTests.cs:line 139
</StackTrace>
        </ErrorInfo>
      </Output>
    </UnitTestResult>
  </Results>
</TestRun>